Archive member included to satisfy reference by file (symbol)

c:/program files (x86)/atollic/truestudio for arm 7.1.2/armtools/bin/../lib/gcc/arm-atollic-eabi/5.3.1/../../../../arm-atollic-eabi/lib/armv7e-m/fpu\libc_nano.a(lib_a-init.o)
                              Drivers\CMSIS\Device\ST\STM32F3xx\Source\Templates\gcc\startup_stm32f303xc.o (__libc_init_array)
c:/program files (x86)/atollic/truestudio for arm 7.1.2/armtools/bin/../lib/gcc/arm-atollic-eabi/5.3.1/../../../../arm-atollic-eabi/lib/armv7e-m/fpu\libc_nano.a(lib_a-memset.o)
                              Drivers\STM32F3xx_HAL_Driver\Src\stm32f3xx_hal_rcc.o (memset)
c:/program files (x86)/atollic/truestudio for arm 7.1.2/armtools/bin/../lib/gcc/arm-atollic-eabi/5.3.1/../../../../arm-atollic-eabi/lib/armv7e-m/fpu\libc_nano.a(lib_a-printf.o)
                              Src\main.o (printf)
c:/program files (x86)/atollic/truestudio for arm 7.1.2/armtools/bin/../lib/gcc/arm-atollic-eabi/5.3.1/../../../../arm-atollic-eabi/lib/armv7e-m/fpu\libc_nano.a(lib_a-snprintf.o)
                              Src\main.o (snprintf)
c:/program files (x86)/atollic/truestudio for arm 7.1.2/armtools/bin/../lib/gcc/arm-atollic-eabi/5.3.1/../../../../arm-atollic-eabi/lib/armv7e-m/fpu\libc_nano.a(lib_a-findfp.o)
                              c:/program files (x86)/atollic/truestudio for arm 7.1.2/armtools/bin/../lib/gcc/arm-atollic-eabi/5.3.1/../../../../arm-atollic-eabi/lib/armv7e-m/fpu\libc_nano.a(lib_a-printf.o) (__sinit)
c:/program files (x86)/atollic/truestudio for arm 7.1.2/armtools/bin/../lib/gcc/arm-atollic-eabi/5.3.1/../../../../arm-atollic-eabi/lib/armv7e-m/fpu\libc_nano.a(lib_a-fwalk.o)
                              c:/program files (x86)/atollic/truestudio for arm 7.1.2/armtools/bin/../lib/gcc/arm-atollic-eabi/5.3.1/../../../../arm-atollic-eabi/lib/armv7e-m/fpu\libc_nano.a(lib_a-findfp.o) (_fwalk)
c:/program files (x86)/atollic/truestudio for arm 7.1.2/armtools/bin/../lib/gcc/arm-atollic-eabi/5.3.1/../../../../arm-atollic-eabi/lib/armv7e-m/fpu\libc_nano.a(lib_a-impure.o)
                              c:/program files (x86)/atollic/truestudio for arm 7.1.2/armtools/bin/../lib/gcc/arm-atollic-eabi/5.3.1/../../../../arm-atollic-eabi/lib/armv7e-m/fpu\libc_nano.a(lib_a-findfp.o) (_global_impure_ptr)
c:/program files (x86)/atollic/truestudio for arm 7.1.2/armtools/bin/../lib/gcc/arm-atollic-eabi/5.3.1/../../../../arm-atollic-eabi/lib/armv7e-m/fpu\libc_nano.a(lib_a-nano-mallocr.o)
                              c:/program files (x86)/atollic/truestudio for arm 7.1.2/armtools/bin/../lib/gcc/arm-atollic-eabi/5.3.1/../../../../arm-atollic-eabi/lib/armv7e-m/fpu\libc_nano.a(lib_a-findfp.o) (_malloc_r)
c:/program files (x86)/atollic/truestudio for arm 7.1.2/armtools/bin/../lib/gcc/arm-atollic-eabi/5.3.1/../../../../arm-atollic-eabi/lib/armv7e-m/fpu\libc_nano.a(lib_a-nano-svfprintf.o)
                              c:/program files (x86)/atollic/truestudio for arm 7.1.2/armtools/bin/../lib/gcc/arm-atollic-eabi/5.3.1/../../../../arm-atollic-eabi/lib/armv7e-m/fpu\libc_nano.a(lib_a-snprintf.o) (_svfprintf_r)
c:/program files (x86)/atollic/truestudio for arm 7.1.2/armtools/bin/../lib/gcc/arm-atollic-eabi/5.3.1/../../../../arm-atollic-eabi/lib/armv7e-m/fpu\libc_nano.a(lib_a-nano-vfprintf.o)
                              c:/program files (x86)/atollic/truestudio for arm 7.1.2/armtools/bin/../lib/gcc/arm-atollic-eabi/5.3.1/../../../../arm-atollic-eabi/lib/armv7e-m/fpu\libc_nano.a(lib_a-printf.o) (_vfprintf_r)
c:/program files (x86)/atollic/truestudio for arm 7.1.2/armtools/bin/../lib/gcc/arm-atollic-eabi/5.3.1/../../../../arm-atollic-eabi/lib/armv7e-m/fpu\libc_nano.a(lib_a-nano-vfprintf_i.o)
                              c:/program files (x86)/atollic/truestudio for arm 7.1.2/armtools/bin/../lib/gcc/arm-atollic-eabi/5.3.1/../../../../arm-atollic-eabi/lib/armv7e-m/fpu\libc_nano.a(lib_a-nano-svfprintf.o) (_printf_i)
c:/program files (x86)/atollic/truestudio for arm 7.1.2/armtools/bin/../lib/gcc/arm-atollic-eabi/5.3.1/../../../../arm-atollic-eabi/lib/armv7e-m/fpu\libc_nano.a(lib_a-sbrkr.o)
                              c:/program files (x86)/atollic/truestudio for arm 7.1.2/armtools/bin/../lib/gcc/arm-atollic-eabi/5.3.1/../../../../arm-atollic-eabi/lib/armv7e-m/fpu\libc_nano.a(lib_a-nano-mallocr.o) (_sbrk_r)
c:/program files (x86)/atollic/truestudio for arm 7.1.2/armtools/bin/../lib/gcc/arm-atollic-eabi/5.3.1/../../../../arm-atollic-eabi/lib/armv7e-m/fpu\libc_nano.a(lib_a-stdio.o)
                              c:/program files (x86)/atollic/truestudio for arm 7.1.2/armtools/bin/../lib/gcc/arm-atollic-eabi/5.3.1/../../../../arm-atollic-eabi/lib/armv7e-m/fpu\libc_nano.a(lib_a-findfp.o) (__sread)
c:/program files (x86)/atollic/truestudio for arm 7.1.2/armtools/bin/../lib/gcc/arm-atollic-eabi/5.3.1/../../../../arm-atollic-eabi/lib/armv7e-m/fpu\libc_nano.a(lib_a-wbuf.o)
[...]
Memory Configuration

Name             Origin             Length             Attributes
RAM              0x20000000         0x0000a000         xrw
CCMRAM           0x10000000         0x00002000         rw
FLASH            0x08000000         0x00040000         xr
*default*        0x00000000         0xffffffff

Linker script and memory map

LOAD c:/program files (x86)/atollic/truestudio for arm 7.1.2/armtools/bin/../lib/gcc/arm-atollic-eabi/5.3.1/armv7e-m/fpu/crti.o
LOAD c:/program files (x86)/atollic/truestudio for arm 7.1.2/armtools/bin/../lib/gcc/arm-atollic-eabi/5.3.1/armv7e-m/fpu/crtbegin.o
LOAD Drivers\CMSIS\Device\ST\STM32F3xx\Source\Templates\gcc\startup_stm32f303xc.o
LOAD Drivers\STM32F3xx_HAL_Driver\Src\stm32f3xx_hal.o
LOAD Drivers\STM32F3xx_HAL_Driver\Src\stm32f3xx_hal_cortex.o
LOAD Drivers\STM32F3xx_HAL_Driver\Src\stm32f3xx_hal_dma.o
LOAD Drivers\STM32F3xx_HAL_Driver\Src\stm32f3xx_hal_flash.o
LOAD Drivers\STM32F3xx_HAL_Driver\Src\stm32f3xx_hal_flash_ex.o
LOAD Drivers\STM32F3xx_HAL_Driver\Src\stm32f3xx_hal_gpio.o
LOAD Drivers\STM32F3xx_HAL_Driver\Src\stm32f3xx_hal_i2c.o
LOAD Drivers\STM32F3xx_HAL_Driver\Src\stm32f3xx_hal_i2c_ex.o
LOAD Drivers\STM32F3xx_HAL_Driver\Src\stm32f3xx_hal_pwr.o
LOAD Drivers\STM32F3xx_HAL_Driver\Src\stm32f3xx_hal_pwr_ex.o
LOAD Drivers\STM32F3xx_HAL_Driver\Src\stm32f3xx_hal_rcc.o
LOAD Drivers\STM32F3xx_HAL_Driver\Src\stm32f3xx_hal_rcc_ex.o
LOAD Drivers\STM32F3xx_HAL_Driver\Src\stm32f3xx_hal_tim.o
LOAD Drivers\STM32F3xx_HAL_Driver\Src\stm32f3xx_hal_tim_ex.o
LOAD Src\HD44780_F3.o
LOAD Src\dwt_stm32_delay.o
LOAD Src\main.o
LOAD Src\stm32f3xx_hal_msp.o
LOAD Src\stm32f3xx_it.o
LOAD Src\system_stm32f3xx.o
START GROUP
LOAD c:/program files (x86)/atollic/truestudio for arm 7.1.2/armtools/bin/../lib/gcc/arm-atollic-eabi/5.3.1/../../../../arm-atollic-eabi/lib/armv7e-m/fpu\libc_nano.a
LOAD c:/program files (x86)/atollic/truestudio for arm 7.1.2/armtools/bin/../lib/gcc/arm-atollic-eabi/5.3.1/../../../../arm-atollic-eabi/lib/armv7e-m/fpu\libm.a
END GROUP
                0x00000080                malloc_getpagesize_P = 0x80
START GROUP
LOAD c:/program files (x86)/atollic/truestudio for arm 7.1.2/armtools/bin/../lib/gcc/arm-atollic-eabi/5.3.1/armv7e-m/fpu\libgcc.a
LOAD c:/program files (x86)/atollic/truestudio for arm 7.1.2/armtools/bin/../lib/gcc/arm-atollic-eabi/5.3.1/../../../../arm-atollic-eabi/lib/armv7e-m/fpu\libc_nano.a
END GROUP
START GROUP
LOAD c:/program files (x86)/atollic/truestudio for arm 7.1.2/armtools/bin/../lib/gcc/arm-atollic-eabi/5.3.1/armv7e-m/fpu\libgcc.a
LOAD c:/program files (x86)/atollic/truestudio for arm 7.1.2/armtools/bin/../lib/gcc/arm-atollic-eabi/5.3.1/../../../../arm-atollic-eabi/lib/armv7e-m/fpu\libc_nano.a
LOAD c:/program files (x86)/atollic/truestudio for arm 7.1.2/armtools/bin/../lib/gcc/arm-atollic-eabi/5.3.1/../../../../arm-atollic-eabi/lib/armv7e-m/fpu\libnosys.a
END GROUP
START GROUP
LOAD c:/program files (x86)/atollic/truestudio for arm 7.1.2/armtools/bin/../lib/gcc/arm-atollic-eabi/5.3.1/armv7e-m/fpu\libgcc.a
LOAD c:/program files (x86)/atollic/truestudio for arm 7.1.2/armtools/bin/../lib/gcc/arm-atollic-eabi/5.3.1/../../../../arm-atollic-eabi/lib/armv7e-m/fpu\libc_nano.a
LOAD c:/program files (x86)/atollic/truestudio for arm 7.1.2/armtools/bin/../lib/gcc/arm-atollic-eabi/5.3.1/../../../../arm-atollic-eabi/lib/armv7e-m/fpu\libnosys.a
END GROUP
LOAD c:/program files (x86)/atollic/truestudio for arm 7.1.2/armtools/bin/../lib/gcc/arm-atollic-eabi/5.3.1/armv7e-m/fpu/crtend.o
LOAD c:/program files (x86)/atollic/truestudio for arm 7.1.2/armtools/bin/../lib/gcc/arm-atollic-eabi/5.3.1/armv7e-m/fpu/crtn.o
                0x2000a000                _estack = 0x2000a000
                0x00000200                _Min_Heap_Size = 0x200
                0x00000400                _Min_Stack_Size = 0x400

.isr_vector     0x08000000      0x188
                0x08000000                . = ALIGN (0x4)
 *(.isr_vector)
 .isr_vector    0x08000000      0x188 Drivers\CMSIS\Device\ST\STM32F3xx\Source\Templates\gcc\startup_stm32f303xc.o
                0x08000000                g_pfnVectors
                0x08000188                . = ALIGN (0x4)

.text           0x08000190     0x233c
                0x08000190                . = ALIGN (0x4)
 *(.text)
 .text          0x08000190       0x40 c:/program files (x86)/atollic/truestudio for arm 7.1.2/armtools/bin/../lib/gcc/arm-atollic-eabi/5.3.1/armv7e-m/fpu/crtbegin.o
 .text          0x080001d0       0xa0 c:/program files (x86)/atollic/truestudio for arm 7.1.2/armtools/bin/../lib/gcc/arm-atollic-eabi/5.3.1/../../../../arm-atollic-eabi/lib/armv7e-m/fpu\libc_nano.a(lib_a-memchr.o)
                0x080001d0                memchr
 *(.text*)
 .text.Reset_Handler
                0x08000270       0x50 Drivers\CMSIS\Device\ST\STM32F3xx\Source\Templates\gcc\startup_stm32f303xc.o
                0x08000270                Reset_Handler
 .text.Default_Handler
                0x080002c0        0x2 Drivers\CMSIS\Device\ST\STM32F3xx\Source\Templates\gcc\startup_stm32f303xc.o
                0x080002c0                RTC_Alarm_IRQHandler
                0x080002c0                TIM8_TRG_COM_IRQHandler
                0x080002c0                TIM8_CC_IRQHandler
                0x080002c0                DebugMon_Handler
                0x080002c0                TIM1_CC_IRQHandler
                0x080002c0                HardFault_Handler
                0x080002c0                USB_HP_IRQHandler
                0x080002c0                TAMP_STAMP_IRQHandler
                0x080002c0                NMI_Handler
                0x080002c0                EXTI3_IRQHandler
                0x080002c0                USB_HP_CAN_TX_IRQHandler
                0x080002c0                I2C2_EV_IRQHandler
                0x080002c0                FPU_IRQHandler
                0x080002c0                TIM1_UP_TIM16_IRQHandler
                0x080002c0                UsageFault_Handler
                0x080002c0                ADC1_2_IRQHandler
                0x080002c0                SPI1_IRQHandler
                0x080002c0                CAN_SCE_IRQHandler
                0x080002c0                TIM6_DAC_IRQHandler
                0x080002c0                TIM8_UP_IRQHandler
                0x080002c0                DMA2_Channel2_IRQHandler
                0x080002c0                DMA1_Channel4_IRQHandler
                0x080002c0                USART3_IRQHandler
                0x080002c0                DMA1_Channel7_IRQHandler
                0x080002c0                UART5_IRQHandler
                0x080002c0                ADC3_IRQHandler
                0x080002c0                TIM4_IRQHandler
                0x080002c0                CAN_RX1_IRQHandler
                0x080002c0                DMA2_Channel1_IRQHandler
                0x080002c0                I2C1_EV_IRQHandler
                0x080002c0                DMA1_Channel6_IRQHandler
                0x080002c0                UART4_IRQHandler
                0x080002c0                DMA2_Channel4_IRQHandler
                0x080002c0                TIM3_IRQHandler
                0x080002c0                RCC_IRQHandler
                0x080002c0                DMA1_Channel1_IRQHandler
                0x080002c0                Default_Handler
                0x080002c0                USBWakeUp_RMP_IRQHandler
                0x080002c0                EXTI15_10_IRQHandler
                0x080002c0                TIM7_IRQHandler
                0x080002c0                EXTI9_5_IRQHandler
                0x080002c0                RTC_WKUP_IRQHandler
                0x080002c0                SPI2_IRQHandler
                0x080002c0                USB_LP_CAN_RX0_IRQHandler
                0x080002c0                MemManage_Handler
                0x080002c0                DMA2_Channel5_IRQHandler
                0x080002c0                DMA1_Channel5_IRQHandler
                0x080002c0                USB_LP_IRQHandler
                0x080002c0                EXTI4_IRQHandler
                0x080002c0                TIM1_TRG_COM_TIM17_IRQHandler
                0x080002c0                DMA1_Channel3_IRQHandler
                0x080002c0                ADC4_IRQHandler
                0x080002c0                WWDG_IRQHandler
                0x080002c0                TIM2_IRQHandler
                0x080002c0                COMP7_IRQHandler
                0x080002c0                COMP1_2_3_IRQHandler
                0x080002c0                EXTI1_IRQHandler
                0x080002c0                USART2_IRQHandler
                0x080002c0                COMP4_5_6_IRQHandler
                0x080002c0                I2C2_ER_IRQHandler
                0x080002c0                DMA1_Channel2_IRQHandler
                0x080002c0                TIM8_BRK_IRQHandler
                0x080002c0                FLASH_IRQHandler
                0x080002c0                BusFault_Handler
                0x080002c0                USART1_IRQHandler
                0x080002c0                SPI3_IRQHandler
                0x080002c0                I2C1_ER_IRQHandler
                0x080002c0                USBWakeUp_IRQHandler
                0x080002c0                DMA2_Channel3_IRQHandler
                0x080002c0                EXTI2_TSC_IRQHandler
                0x080002c0                TIM1_BRK_TIM15_IRQHandler
 *fill*         0x080002c2        0x2 
 .text.HAL_InitTick
                0x080002c4       0x28 Drivers\STM32F3xx_HAL_Driver\Src\stm32f3xx_hal.o
                0x080002c4                HAL_InitTick
 .text.HAL_Init
                0x080002ec       0x24 Drivers\STM32F3xx_HAL_Driver\Src\stm32f3xx_hal.o
                0x080002ec                HAL_Init
 .text.HAL_IncTick
                0x08000310       0x10 Drivers\STM32F3xx_HAL_Driver\Src\stm32f3xx_hal.o
                0x08000310                HAL_IncTick
 .text.HAL_GetTick
                0x08000320        0xc Drivers\STM32F3xx_HAL_Driver\Src\stm32f3xx_hal.o
                0x08000320                HAL_GetTick
 .text.HAL_Delay
                0x0800032c       0x1a Drivers\STM32F3xx_HAL_Driver\Src\stm32f3xx_hal.o
                0x0800032c                HAL_Delay
 *fill*         0x08000346        0x2 
 .text.HAL_NVIC_SetPriorityGrouping
                0x08000348       0x24 Drivers\STM32F3xx_HAL_Driver\Src\stm32f3xx_hal_cortex.o
                0x08000348                HAL_NVIC_SetPriorityGrouping
 .text.HAL_NVIC_SetPriority
                0x0800036c       0x68 Drivers\STM32F3xx_HAL_Driver\Src\stm32f3xx_hal_cortex.o
                0x0800036c                HAL_NVIC_SetPriority
 .text.HAL_NVIC_EnableIRQ
                0x080003d4       0x18 Drivers\STM32F3xx_HAL_Driver\Src\stm32f3xx_hal_cortex.o
                0x080003d4                HAL_NVIC_EnableIRQ
 .text.HAL_SYSTICK_Config
                0x080003ec       0x2c Drivers\STM32F3xx_HAL_Driver\Src\stm32f3xx_hal_cortex.o
                0x080003ec                HAL_SYSTICK_Config
 .text.HAL_SYSTICK_CLKSourceConfig
                0x08000418       0x18 Drivers\STM32F3xx_HAL_Driver\Src\stm32f3xx_hal_cortex.o
                0x08000418                HAL_SYSTICK_CLKSourceConfig
 .text.HAL_SYSTICK_Callback
                0x08000430        0x2 Drivers\STM32F3xx_HAL_Driver\Src\stm32f3xx_hal_cortex.o
                0x08000430                HAL_SYSTICK_Callback
 .text.HAL_SYSTICK_IRQHandler
                0x08000432        0x8 Drivers\STM32F3xx_HAL_Driver\Src\stm32f3xx_hal_cortex.o
                0x08000432                HAL_SYSTICK_IRQHandler
 *fill*         0x0800043a        0x2 
 .text.HAL_GPIO_Init
                0x0800043c      0x194 Drivers\STM32F3xx_HAL_Driver\Src\stm32f3xx_hal_gpio.o
                0x0800043c                HAL_GPIO_Init
 .text.HAL_GPIO_WritePin
                0x080005d0        0xa Drivers\STM32F3xx_HAL_Driver\Src\stm32f3xx_hal_gpio.o
                0x080005d0                HAL_GPIO_WritePin
 .text.HAL_GPIO_EXTI_Callback
                0x080005da        0x2 Drivers\STM32F3xx_HAL_Driver\Src\stm32f3xx_hal_gpio.o
                0x080005da                HAL_GPIO_EXTI_Callback
 .text.HAL_GPIO_EXTI_IRQHandler
                0x080005dc       0x18 Drivers\STM32F3xx_HAL_Driver\Src\stm32f3xx_hal_gpio.o
                0x080005dc                HAL_GPIO_EXTI_IRQHandler
 .text.HAL_PWR_PVDCallback
                0x080005f4        0x2 Drivers\STM32F3xx_HAL_Driver\Src\stm32f3xx_hal_pwr_ex.o
                0x080005f4                HAL_PWR_PVDCallback
 *fill*         0x080005f6        0x2 
 .text.HAL_PWR_PVD_IRQHandler
                0x080005f8       0x1c Drivers\STM32F3xx_HAL_Driver\Src\stm32f3xx_hal_pwr_ex.o
                0x080005f8                HAL_PWR_PVD_IRQHandler
 .text.HAL_RCC_OscConfig
                0x08000614      0x4cc Drivers\STM32F3xx_HAL_Driver\Src\stm32f3xx_hal_rcc.o
                0x08000614                HAL_RCC_OscConfig
 .text.HAL_RCC_GetSysClockFreq
                0x08000ae0       0x64 Drivers\STM32F3xx_HAL_Driver\Src\stm32f3xx_hal_rcc.o
                0x08000ae0                HAL_RCC_GetSysClockFreq
 .text.HAL_RCC_ClockConfig
                0x08000b44      0x164 Drivers\STM32F3xx_HAL_Driver\Src\stm32f3xx_hal_rcc.o
                0x08000b44                HAL_RCC_ClockConfig
 .text.HAL_RCC_GetHCLKFreq
                0x08000ca8        0xc Drivers\STM32F3xx_HAL_Driver\Src\stm32f3xx_hal_rcc.o
                0x08000ca8                HAL_RCC_GetHCLKFreq
 .text.GPIO_SetBits
                0x08000cb4        0x6 Src\HD44780_F3.o
                0x08000cb4                GPIO_SetBits
 .text.GPIO_ResetBits
                0x08000cba        0x6 Src\HD44780_F3.o
                0x08000cba                GPIO_ResetBits
 .text.hd44780_wr_hi_nibble
                0x08000cc0       0x78 Src\HD44780_F3.o
                0x08000cc0                hd44780_wr_hi_nibble
 .text.hd44780_wr_lo_nibble
                0x08000d38       0x78 Src\HD44780_F3.o
                0x08000d38                hd44780_wr_lo_nibble
 .text.hd44780_write
                0x08000db0       0x12 Src\HD44780_F3.o
                0x08000db0                hd44780_write
 *fill*         0x08000dc2        0x2 
 .text.hd44780_wr_cmd
                0x08000dc4       0x1c Src\HD44780_F3.o
                0x08000dc4                hd44780_wr_cmd
 .text.hd44780_wr_data
                0x08000de0       0x1c Src\HD44780_F3.o
                0x08000de0                hd44780_wr_data
 .text.HD44780_Init
                0x08000dfc       0xb0 Src\HD44780_F3.o
                0x08000dfc                HD44780_Init
 .text.HD44780_GotoXY
                0x08000eac       0x1c Src\HD44780_F3.o
                0x08000eac                HD44780_GotoXY
 .text.HD44780_PutStr
                0x08000ec8       0x22 Src\HD44780_F3.o
                0x08000ec8                HD44780_PutStr
 .text.HD44780_ClrScr
                0x08000eea        0x6 Src\HD44780_F3.o
                0x08000eea                HD44780_ClrScr
 .text.DWT_Delay_Init
                0x08000ef0       0x40 Src\dwt_stm32_delay.o
                0x08000ef0                DWT_Delay_Init
 .text.DWT_Delay_us
                0x08000f30       0x30 Src\main.o
 .text.SystemClock_Config
                0x08000f60       0x6a Src\main.o
                0x08000f60                SystemClock_Config
 *fill*         0x08000fca        0x2 
 .text.startup.main
                0x08000fcc      0x130 Src\main.o
                0x08000fcc                main
 .text.HAL_MspInit
                0x080010fc       0x8c Src\stm32f3xx_hal_msp.o
                0x080010fc                HAL_MspInit
 .text.SVC_Handler
                0x08001188        0x2 Src\stm32f3xx_it.o
                0x08001188                SVC_Handler
 .text.PendSV_Handler
                0x0800118a        0x2 Src\stm32f3xx_it.o
                0x0800118a                PendSV_Handler
 .text.SysTick_Handler
                0x0800118c        0xe Src\stm32f3xx_it.o
                0x0800118c                SysTick_Handler
 .text.PVD_IRQHandler
                0x0800119a        0x4 Src\stm32f3xx_it.o
                0x0800119a                PVD_IRQHandler
 *fill*         0x0800119e        0x2 
 .text.EXTI0_IRQHandler
                0x080011a0       0x24 Src\stm32f3xx_it.o
                0x080011a0                EXTI0_IRQHandler
 .text.SystemInit
                0x080011c4       0x68 Src\system_stm32f3xx.o
                0x080011c4                SystemInit
 .text.__libc_init_array
                0x0800122c       0x4c c:/program files (x86)/atollic/truestudio for arm 7.1.2/armtools/bin/../lib/gcc/arm-atollic-eabi/5.3.1/../../../../arm-atollic-eabi/lib/armv7e-m/fpu\libc_nano.a(lib_a-init.o)
                0x0800122c                __libc_init_array
 .text.memset   0x08001278       0x10 c:/program files (x86)/atollic/truestudio for arm 7.1.2/armtools/bin/../lib/gcc/arm-atollic-eabi/5.3.1/../../../../arm-atollic-eabi/lib/armv7e-m/fpu\libc_nano.a(lib_a-memset.o)
                0x08001278                memset
 .text.printf   0x08001288       0x30 c:/program files (x86)/atollic/truestudio for arm 7.1.2/armtools/bin/../lib/gcc/arm-atollic-eabi/5.3.1/../../../../arm-atollic-eabi/lib/armv7e-m/fpu\libc_nano.a(lib_a-printf.o)
                0x08001288                iprintf
                0x08001288                printf
 .text.snprintf
                0x080012b8       0x64 c:/program files (x86)/atollic/truestudio for arm 7.1.2/armtools/bin/../lib/gcc/arm-atollic-eabi/5.3.1/../../../../arm-atollic-eabi/lib/armv7e-m/fpu\libc_nano.a(lib_a-snprintf.o)
                0x080012b8                sniprintf
                0x080012b8                snprintf
 .text._cleanup_r
                0x0800131c        0xc c:/program files (x86)/atollic/truestudio for arm 7.1.2/armtools/bin/../lib/gcc/arm-atollic-eabi/5.3.1/../../../../arm-atollic-eabi/lib/armv7e-m/fpu\libc_nano.a(lib_a-findfp.o)
                0x0800131c                _cleanup_r
 .text.std.isra.0
                0x08001328       0x48 c:/program files (x86)/atollic/truestudio for arm 7.1.2/armtools/bin/../lib/gcc/arm-atollic-eabi/5.3.1/../../../../arm-atollic-eabi/lib/armv7e-m/fpu\libc_nano.a(lib_a-findfp.o)
 .text.__sfmoreglue
                0x08001370       0x2c c:/program files (x86)/atollic/truestudio for arm 7.1.2/armtools/bin/../lib/gcc/arm-atollic-eabi/5.3.1/../../../../arm-atollic-eabi/lib/armv7e-m/fpu\libc_nano.a(lib_a-findfp.o)
                0x08001370                __sfmoreglue
 .text.__sinit  0x0800139c       0x60 c:/program files (x86)/atollic/truestudio for arm 7.1.2/armtools/bin/../lib/gcc/arm-atollic-eabi/5.3.1/../../../../arm-atollic-eabi/lib/armv7e-m/fpu\libc_nano.a(lib_a-findfp.o)
                0x0800139c                __sinit
 .text.__sfp    0x080013fc       0x78 c:/program files (x86)/atollic/truestudio for arm 7.1.2/armtools/bin/../lib/gcc/arm-atollic-eabi/5.3.1/../../../../arm-atollic-eabi/lib/armv7e-m/fpu\libc_nano.a(lib_a-findfp.o)
                0x080013fc                __sfp
 .text._fwalk_reent
                0x08001474       0x3c c:/program files (x86)/atollic/truestudio for arm 7.1.2/armtools/bin/../lib/gcc/arm-atollic-eabi/5.3.1/../../../../arm-atollic-eabi/lib/armv7e-m/fpu\libc_nano.a(lib_a-fwalk.o)
                0x08001474                _fwalk_reent
 .text._malloc_r
                0x080014b0       0xbc c:/program files (x86)/atollic/truestudio for arm 7.1.2/armtools/bin/../lib/gcc/arm-atollic-eabi/5.3.1/../../../../arm-atollic-eabi/lib/armv7e-m/fpu\libc_nano.a(lib_a-nano-mallocr.o)
                0x080014b0                _malloc_r
 .text.__ssputs_r
                0x0800156c       0xb2 c:/program files (x86)/atollic/truestudio for arm 7.1.2/armtools/bin/../lib/gcc/arm-atollic-eabi/5.3.1/../../../../arm-atollic-eabi/lib/armv7e-m/fpu\libc_nano.a(lib_a-nano-svfprintf.o)
                0x0800156c                __ssputs_r
 *fill*         0x0800161e        0x2 
 .text._svfprintf_r
                0x08001620      0x1e8 c:/program files (x86)/atollic/truestudio for arm 7.1.2/armtools/bin/../lib/gcc/arm-atollic-eabi/5.3.1/../../../../arm-atollic-eabi/lib/armv7e-m/fpu\libc_nano.a(lib_a-nano-svfprintf.o)
                0x08001620                _svfiprintf_r
                0x08001620                _svfprintf_r
 .text.__sfputc_r
                0x08001808       0x30 c:/program files (x86)/atollic/truestudio for arm 7.1.2/armtools/bin/../lib/gcc/arm-atollic-eabi/5.3.1/../../../../arm-atollic-eabi/lib/armv7e-m/fpu\libc_nano.a(lib_a-nano-vfprintf.o)
 .text.__sfputs_r
                0x08001838       0x24 c:/program files (x86)/atollic/truestudio for arm 7.1.2/armtools/bin/../lib/gcc/arm-atollic-eabi/5.3.1/../../../../arm-atollic-eabi/lib/armv7e-m/fpu\libc_nano.a(lib_a-nano-vfprintf.o)
                0x08001838                __sfputs_r
 .text._vfprintf_r
                0x0800185c      0x238 c:/program files (x86)/atollic/truestudio for arm 7.1.2/armtools/bin/../lib/gcc/arm-atollic-eabi/5.3.1/../../../../arm-atollic-eabi/lib/armv7e-m/fpu\libc_nano.a(lib_a-nano-vfprintf.o)
                0x0800185c                _vfprintf_r
                0x0800185c                _vfiprintf_r
 .text._printf_common
                0x08001a94       0xec c:/program files (x86)/atollic/truestudio for arm 7.1.2/armtools/bin/../lib/gcc/arm-atollic-eabi/5.3.1/../../../../arm-atollic-eabi/lib/armv7e-m/fpu\libc_nano.a(lib_a-nano-vfprintf_i.o)
                0x08001a94                _printf_common
 .text._printf_i
                0x08001b80      0x24c c:/program files (x86)/atollic/truestudio for arm 7.1.2/armtools/bin/../lib/gcc/arm-atollic-eabi/5.3.1/../../../../arm-atollic-eabi/lib/armv7e-m/fpu\libc_nano.a(lib_a-nano-vfprintf_i.o)
                0x08001b80                _printf_i
 .text._sbrk_r  0x08001dcc       0x20 c:/program files (x86)/atollic/truestudio for arm 7.1.2/armtools/bin/../lib/gcc/arm-atollic-eabi/5.3.1/../../../../arm-atollic-eabi/lib/armv7e-m/fpu\libc_nano.a(lib_a-sbrkr.o)
                0x08001dcc                _sbrk_r
 .text.__sread  0x08001dec       0x22 c:/program files (x86)/atollic/truestudio for arm 7.1.2/armtools/bin/../lib/gcc/arm-atollic-eabi/5.3.1/../../../../arm-atollic-eabi/lib/armv7e-m/fpu\libc_nano.a(lib_a-stdio.o)
                0x08001dec                __sread
 .text.__swrite
                0x08001e0e       0x38 c:/program files (x86)/atollic/truestudio for arm 7.1.2/armtools/bin/../lib/gcc/arm-atollic-eabi/5.3.1/../../../../arm-atollic-eabi/lib/armv7e-m/fpu\libc_nano.a(lib_a-stdio.o)
                0x08001e0e                __swrite
 .text.__sseek  0x08001e46       0x24 c:/program files (x86)/atollic/truestudio for arm 7.1.2/armtools/bin/../lib/gcc/arm-atollic-eabi/5.3.1/../../../../arm-atollic-eabi/lib/armv7e-m/fpu\libc_nano.a(lib_a-stdio.o)
                0x08001e46                __sseek
 .text.__sclose
                0x08001e6a        0x8 c:/program files (x86)/atollic/truestudio for arm 7.1.2/armtools/bin/../lib/gcc/arm-atollic-eabi/5.3.1/../../../../arm-atollic-eabi/lib/armv7e-m/fpu\libc_nano.a(lib_a-stdio.o)
                0x08001e6a                __sclose
 *fill*         0x08001e72        0x2 
 .text.__swbuf_r
                0x08001e74       0xa8 c:/program files (x86)/atollic/truestudio for arm 7.1.2/armtools/bin/../lib/gcc/arm-atollic-eabi/5.3.1/../../../../arm-atollic-eabi/lib/armv7e-m/fpu\libc_nano.a(lib_a-wbuf.o)
                0x08001e74                __swbuf_r
 .text._write_r
                0x08001f1c       0x24 c:/program files (x86)/atollic/truestudio for arm 7.1.2/armtools/bin/../lib/gcc/arm-atollic-eabi/5.3.1/../../../../arm-atollic-eabi/lib/armv7e-m/fpu\libc_nano.a(lib_a-writer.o)
                0x08001f1c                _write_r
 .text.__swsetup_r
                0x08001f40       0xdc c:/program files (x86)/atollic/truestudio for arm 7.1.2/armtools/bin/../lib/gcc/arm-atollic-eabi/5.3.1/../../../../arm-atollic-eabi/lib/armv7e-m/fpu\libc_nano.a(lib_a-wsetup.o)
                0x08001f40                __swsetup_r
 .text._close_r
                0x0800201c       0x20 c:/program files (x86)/atollic/truestudio for arm 7.1.2/armtools/bin/../lib/gcc/arm-atollic-eabi/5.3.1/../../../../arm-atollic-eabi/lib/armv7e-m/fpu\libc_nano.a(lib_a-closer.o)
                0x0800201c                _close_r
 .text.__sflush_r
                0x0800203c      0x110 c:/program files (x86)/atollic/truestudio for arm 7.1.2/armtools/bin/../lib/gcc/arm-atollic-eabi/5.3.1/../../../../arm-atollic-eabi/lib/armv7e-m/fpu\libc_nano.a(lib_a-fflush.o)
                0x0800203c                __sflush_r
 .text._fflush_r
                0x0800214c       0x54 c:/program files (x86)/atollic/truestudio for arm 7.1.2/armtools/bin/../lib/gcc/arm-atollic-eabi/5.3.1/../../../../arm-atollic-eabi/lib/armv7e-m/fpu\libc_nano.a(lib_a-fflush.o)
                0x0800214c                _fflush_r
 .text._lseek_r
                0x080021a0       0x24 c:/program files (x86)/atollic/truestudio for arm 7.1.2/armtools/bin/../lib/gcc/arm-atollic-eabi/5.3.1/../../../../arm-atollic-eabi/lib/armv7e-m/fpu\libc_nano.a(lib_a-lseekr.o)
                0x080021a0                _lseek_r
 .text.__swhatbuf_r
                0x080021c4       0x46 c:/program files (x86)/atollic/truestudio for arm 7.1.2/armtools/bin/../lib/gcc/arm-atollic-eabi/5.3.1/../../../../arm-atollic-eabi/lib/armv7e-m/fpu\libc_nano.a(lib_a-makebuf.o)
                0x080021c4                __swhatbuf_r
 *fill*         0x0800220a        0x2 
 .text.__smakebuf_r
                0x0800220c       0x78 c:/program files (x86)/atollic/truestudio for arm 7.1.2/armtools/bin/../lib/gcc/arm-atollic-eabi/5.3.1/../../../../arm-atollic-eabi/lib/armv7e-m/fpu\libc_nano.a(lib_a-makebuf.o)
                0x0800220c                __smakebuf_r
 .text.memcpy   0x08002284       0x16 c:/program files (x86)/atollic/truestudio for arm 7.1.2/armtools/bin/../lib/gcc/arm-atollic-eabi/5.3.1/../../../../arm-atollic-eabi/lib/armv7e-m/fpu\libc_nano.a(lib_a-memcpy-stub.o)
                0x08002284                memcpy
 .text.memmove  0x0800229a       0x36 c:/program files (x86)/atollic/truestudio for arm 7.1.2/armtools/bin/../lib/gcc/arm-atollic-eabi/5.3.1/../../../../arm-atollic-eabi/lib/armv7e-m/fpu\libc_nano.a(lib_a-memmove.o)
                0x0800229a                memmove
 .text.__malloc_lock
                0x080022d0        0x2 c:/program files (x86)/atollic/truestudio for arm 7.1.2/armtools/bin/../lib/gcc/arm-atollic-eabi/5.3.1/../../../../arm-atollic-eabi/lib/armv7e-m/fpu\libc_nano.a(lib_a-mlock.o)
                0x080022d0                __malloc_lock
 .text.__malloc_unlock
                0x080022d2        0x2 c:/program files (x86)/atollic/truestudio for arm 7.1.2/armtools/bin/../lib/gcc/arm-atollic-eabi/5.3.1/../../../../arm-atollic-eabi/lib/armv7e-m/fpu\libc_nano.a(lib_a-mlock.o)
                0x080022d2                __malloc_unlock
 .text._free_r  0x080022d4       0x9c c:/program files (x86)/atollic/truestudio for arm 7.1.2/armtools/bin/../lib/gcc/arm-atollic-eabi/5.3.1/../../../../arm-atollic-eabi/lib/armv7e-m/fpu\libc_nano.a(lib_a-nano-freer.o)
                0x080022d4                _free_r
 .text._realloc_r
                0x08002370       0x4c c:/program files (x86)/atollic/truestudio for arm 7.1.2/armtools/bin/../lib/gcc/arm-atollic-eabi/5.3.1/../../../../arm-atollic-eabi/lib/armv7e-m/fpu\libc_nano.a(lib_a-nano-reallocr.o)
                0x08002370                _realloc_r
 .text._read_r  0x080023bc       0x24 c:/program files (x86)/atollic/truestudio for arm 7.1.2/armtools/bin/../lib/gcc/arm-atollic-eabi/5.3.1/../../../../arm-atollic-eabi/lib/armv7e-m/fpu\libc_nano.a(lib_a-readr.o)
                0x080023bc                _read_r
 .text._fstat_r
                0x080023e0       0x24 c:/program files (x86)/atollic/truestudio for arm 7.1.2/armtools/bin/../lib/gcc/arm-atollic-eabi/5.3.1/../../../../arm-atollic-eabi/lib/armv7e-m/fpu\libc_nano.a(lib_a-fstatr.o)
                0x080023e0                _fstat_r
 .text._isatty_r
                0x08002404       0x20 c:/program files (x86)/atollic/truestudio for arm 7.1.2/armtools/bin/../lib/gcc/arm-atollic-eabi/5.3.1/../../../../arm-atollic-eabi/lib/armv7e-m/fpu\libc_nano.a(lib_a-isattyr.o)
                0x08002404                _isatty_r
 .text._malloc_usable_size_r
                0x08002424       0x14 c:/program files (x86)/atollic/truestudio for arm 7.1.2/armtools/bin/../lib/gcc/arm-atollic-eabi/5.3.1/../../../../arm-atollic-eabi/lib/armv7e-m/fpu\libc_nano.a(lib_a-nano-msizer.o)
                0x08002424                _malloc_usable_size_r
 .text._close   0x08002438       0x10 c:/program files (x86)/atollic/truestudio for arm 7.1.2/armtools/bin/../lib/gcc/arm-atollic-eabi/5.3.1/../../../../arm-atollic-eabi/lib/armv7e-m/fpu\libnosys.a(close.o)
                0x08002438                _close
 .text._fstat   0x08002448       0x10 c:/program files (x86)/atollic/truestudio for arm 7.1.2/armtools/bin/../lib/gcc/arm-atollic-eabi/5.3.1/../../../../arm-atollic-eabi/lib/armv7e-m/fpu\libnosys.a(fstat.o)
                0x08002448                _fstat
 .text._isatty  0x08002458       0x10 c:/program files (x86)/atollic/truestudio for arm 7.1.2/armtools/bin/../lib/gcc/arm-atollic-eabi/5.3.1/../../../../arm-atollic-eabi/lib/armv7e-m/fpu\libnosys.a(isatty.o)
                0x08002458                _isatty
 .text._lseek   0x08002468       0x10 c:/program files (x86)/atollic/truestudio for arm 7.1.2/armtools/bin/../lib/gcc/arm-atollic-eabi/5.3.1/../../../../arm-atollic-eabi/lib/armv7e-m/fpu\libnosys.a(lseek.o)
                0x08002468                _lseek
 .text._read    0x08002478       0x10 c:/program files (x86)/atollic/truestudio for arm 7.1.2/armtools/bin/../lib/gcc/arm-atollic-eabi/5.3.1/../../../../arm-atollic-eabi/lib/armv7e-m/fpu\libnosys.a(read.o)
                0x08002478                _read
 .text._sbrk    0x08002488       0x1c c:/program files (x86)/atollic/truestudio for arm 7.1.2/armtools/bin/../lib/gcc/arm-atollic-eabi/5.3.1/../../../../arm-atollic-eabi/lib/armv7e-m/fpu\libnosys.a(sbrk.o)
                0x08002488                _sbrk
 .text._write   0x080024a4       0x10 c:/program files (x86)/atollic/truestudio for arm 7.1.2/armtools/bin/../lib/gcc/arm-atollic-eabi/5.3.1/../../../../arm-atollic-eabi/lib/armv7e-m/fpu\libnosys.a(write.o)
                0x080024a4                _write
 *(.glue_7)
 .glue_7        0x080024b4        0x0 linker stubs
 *(.glue_7t)
 .glue_7t       0x080024b4        0x0 linker stubs
 *(.eh_frame)
 .eh_frame      0x080024b4        0x0 c:/program files (x86)/atollic/truestudio for arm 7.1.2/armtools/bin/../lib/gcc/arm-atollic-eabi/5.3.1/armv7e-m/fpu/crtbegin.o
 *(.init)
 .init          0x080024b4        0x4 c:/program files (x86)/atollic/truestudio for arm 7.1.2/armtools/bin/../lib/gcc/arm-atollic-eabi/5.3.1/armv7e-m/fpu/crti.o
                0x080024b4                _init
 .init          0x080024b8        0x8 c:/program files (x86)/atollic/truestudio for arm 7.1.2/armtools/bin/../lib/gcc/arm-atollic-eabi/5.3.1/armv7e-m/fpu/crtn.o
 *(.fini)
 .fini          0x080024c0        0x4 c:/program files (x86)/atollic/truestudio for arm 7.1.2/armtools/bin/../lib/gcc/arm-atollic-eabi/5.3.1/armv7e-m/fpu/crti.o
                0x080024c0                _fini
 .fini          0x080024c4        0x8 c:/program files (x86)/atollic/truestudio for arm 7.1.2/armtools/bin/../lib/gcc/arm-atollic-eabi/5.3.1/armv7e-m/fpu/crtn.o
                0x080024cc                . = ALIGN (0x4)
                0x080024cc                _etext = .

.vfp11_veneer   0x080024cc        0x0
 .vfp11_veneer  0x080024cc        0x0 linker stubs

.v4_bx          0x080024cc        0x0
 .v4_bx         0x080024cc        0x0 linker stubs

.iplt           0x080024cc        0x0
 .iplt          0x080024cc        0x0 c:/program files (x86)/atollic/truestudio for arm 7.1.2/armtools/bin/../lib/gcc/arm-atollic-eabi/5.3.1/armv7e-m/fpu/crtbegin.o

.rodata         0x080024cc       0xe4
                0x080024cc                . = ALIGN (0x4)
 *(.rodata)
 *(.rodata*)
 .rodata.aPredivFactorTable
                0x080024cc       0x10 Drivers\STM32F3xx_HAL_Driver\Src\stm32f3xx_hal_rcc.o
                0x080024cc                aPredivFactorTable
 .rodata.aPLLMULFactorTable
                0x080024dc       0x10 Drivers\STM32F3xx_HAL_Driver\Src\stm32f3xx_hal_rcc.o
                0x080024dc                aPLLMULFactorTable
 .rodata.CSWTCH.18
                0x080024ec        0x4 Src\HD44780_F3.o
 .rodata.str1.1
                0x080024f0       0x13 Src\main.o
 .rodata.AHBPrescTable
                0x08002503       0x10 Src\system_stm32f3xx.o
                0x08002503                AHBPrescTable
 *fill*         0x08002513        0x1 
 .rodata.__sf_fake_stdin
                0x08002514       0x20 c:/program files (x86)/atollic/truestudio for arm 7.1.2/armtools/bin/../lib/gcc/arm-atollic-eabi/5.3.1/../../../../arm-atollic-eabi/lib/armv7e-m/fpu\libc_nano.a(lib_a-findfp.o)
                0x08002514                __sf_fake_stdin
 .rodata.__sf_fake_stdout
                0x08002534       0x20 c:/program files (x86)/atollic/truestudio for arm 7.1.2/armtools/bin/../lib/gcc/arm-atollic-eabi/5.3.1/../../../../arm-atollic-eabi/lib/armv7e-m/fpu\libc_nano.a(lib_a-findfp.o)
                0x08002534                __sf_fake_stdout
 .rodata.__sf_fake_stderr
                0x08002554       0x20 c:/program files (x86)/atollic/truestudio for arm 7.1.2/armtools/bin/../lib/gcc/arm-atollic-eabi/5.3.1/../../../../arm-atollic-eabi/lib/armv7e-m/fpu\libc_nano.a(lib_a-findfp.o)
                0x08002554                __sf_fake_stderr
 .rodata.str1.1
                0x08002574        0x2 c:/program files (x86)/atollic/truestudio for arm 7.1.2/armtools/bin/../lib/gcc/arm-atollic-eabi/5.3.1/../../../../arm-atollic-eabi/lib/armv7e-m/fpu\libc_nano.a(lib_a-impure.o)
 *fill*         0x08002576        0x2 
 .rodata._global_impure_ptr
                0x08002578        0x4 c:/program files (x86)/atollic/truestudio for arm 7.1.2/armtools/bin/../lib/gcc/arm-atollic-eabi/5.3.1/../../../../arm-atollic-eabi/lib/armv7e-m/fpu\libc_nano.a(lib_a-impure.o)
                0x08002578                _global_impure_ptr
 .rodata.str1.1
                0x0800257c       0x11 c:/program files (x86)/atollic/truestudio for arm 7.1.2/armtools/bin/../lib/gcc/arm-atollic-eabi/5.3.1/../../../../arm-atollic-eabi/lib/armv7e-m/fpu\libc_nano.a(lib_a-nano-svfprintf.o)
 .rodata.str1.1
                0x0800258d       0x11 c:/program files (x86)/atollic/truestudio for arm 7.1.2/armtools/bin/../lib/gcc/arm-atollic-eabi/5.3.1/../../../../arm-atollic-eabi/lib/armv7e-m/fpu\libc_nano.a(lib_a-nano-vfprintf.o)
 .rodata.str1.1
                0x0800258d       0x22 c:/program files (x86)/atollic/truestudio for arm 7.1.2/armtools/bin/../lib/gcc/arm-atollic-eabi/5.3.1/../../../../arm-atollic-eabi/lib/armv7e-m/fpu\libc_nano.a(lib_a-nano-vfprintf_i.o)
                0x080025b0                . = ALIGN (0x4)
 *fill*         0x080025af        0x1 

.rel.dyn        0x080025b0        0x0
 .rel.iplt      0x080025b0        0x0 c:/program files (x86)/atollic/truestudio for arm 7.1.2/armtools/bin/../lib/gcc/arm-atollic-eabi/5.3.1/armv7e-m/fpu/crtbegin.o

.ARM.extab
 *(.ARM.extab* .gnu.linkonce.armextab.*)

.ARM            0x080025b0        0x0
                0x080025b0                __exidx_start = .
 *(.ARM.exidx*)
                0x080025b0                __exidx_end = .

.preinit_array  0x080025b0        0x0
                0x080025b0                PROVIDE (__preinit_array_start, .)
 *(.preinit_array*)
                0x080025b0                PROVIDE (__preinit_array_end, .)

.init_array     0x080025b0        0x4
                0x080025b0                PROVIDE (__init_array_start, .)
 *(SORT(.init_array.*))
 *(.init_array*)
 .init_array    0x080025b0        0x4 c:/program files (x86)/atollic/truestudio for arm 7.1.2/armtools/bin/../lib/gcc/arm-atollic-eabi/5.3.1/armv7e-m/fpu/crtbegin.o
                0x080025b4                PROVIDE (__init_array_end, .)

.fini_array     0x080025b4        0x4
                [!provide]                PROVIDE (__fini_array_start, .)
 *(SORT(.fini_array.*))
 *(.fini_array*)
 .fini_array    0x080025b4        0x4 c:/program files (x86)/atollic/truestudio for arm 7.1.2/armtools/bin/../lib/gcc/arm-atollic-eabi/5.3.1/armv7e-m/fpu/crtbegin.o
                [!provide]                PROVIDE (__fini_array_end, .)
                0x080025b8                _sidata = LOADADDR (.data)

.data           0x20000000       0x68 load address 0x080025b8
                0x20000000                . = ALIGN (0x4)
                0x20000000                _sdata = .
 *(.data)
 *(.data*)
 .data.SystemCoreClock
                0x20000000        0x4 Src\system_stm32f3xx.o
                0x20000000                SystemCoreClock
 .data.impure_data
                0x20000004       0x60 c:/program files (x86)/atollic/truestudio for arm 7.1.2/armtools/bin/../lib/gcc/arm-atollic-eabi/5.3.1/../../../../arm-atollic-eabi/lib/armv7e-m/fpu\libc_nano.a(lib_a-impure.o)
 .data._impure_ptr
                0x20000064        0x4 c:/program files (x86)/atollic/truestudio for arm 7.1.2/armtools/bin/../lib/gcc/arm-atollic-eabi/5.3.1/../../../../arm-atollic-eabi/lib/armv7e-m/fpu\libc_nano.a(lib_a-impure.o)
                0x20000064                _impure_ptr
                0x20000068                . = ALIGN (0x4)
                0x20000068                _edata = .
                0x08002620                _siccmram = LOADADDR (.ccmram)

.igot.plt       0x20000068        0x0 load address 0x08002620
 .igot.plt      0x20000068        0x0 c:/program files (x86)/atollic/truestudio for arm 7.1.2/armtools/bin/../lib/gcc/arm-atollic-eabi/5.3.1/armv7e-m/fpu/crtbegin.o

.ccmram         0x10000000        0x0 load address 0x08002620
                0x10000000                . = ALIGN (0x4)
                0x10000000                _sccmram = .
 *(.ccmram)
 *(.ccmram*)
                0x10000000                . = ALIGN (0x4)
                0x10000000                _eccmram = .
                0x10000000                . = ALIGN (0x4)

.bss            0x20000068       0x34
                0x20000068                _sbss = .
                0x20000068                __bss_start__ = _sbss
 *(.bss)
 .bss           0x20000068       0x1c c:/program files (x86)/atollic/truestudio for arm 7.1.2/armtools/bin/../lib/gcc/arm-atollic-eabi/5.3.1/armv7e-m/fpu/crtbegin.o
 *(.bss*)
 .bss.count     0x20000084        0x4 Src\main.o
                0x20000084                count
 .bss.__malloc_sbrk_start
                0x20000088        0x4 c:/program files (x86)/atollic/truestudio for arm 7.1.2/armtools/bin/../lib/gcc/arm-atollic-eabi/5.3.1/../../../../arm-atollic-eabi/lib/armv7e-m/fpu\libc_nano.a(lib_a-nano-mallocr.o)
                0x20000088                __malloc_sbrk_start
 .bss.__malloc_free_list
                0x2000008c        0x4 c:/program files (x86)/atollic/truestudio for arm 7.1.2/armtools/bin/../lib/gcc/arm-atollic-eabi/5.3.1/../../../../arm-atollic-eabi/lib/armv7e-m/fpu\libc_nano.a(lib_a-nano-mallocr.o)
                0x2000008c                __malloc_free_list
 .bss.heap_end.4169
                0x20000090        0x4 c:/program files (x86)/atollic/truestudio for arm 7.1.2/armtools/bin/../lib/gcc/arm-atollic-eabi/5.3.1/../../../../arm-atollic-eabi/lib/armv7e-m/fpu\libnosys.a(sbrk.o)
 *(COMMON)
 COMMON         0x20000094        0x4 Drivers\STM32F3xx_HAL_Driver\Src\stm32f3xx_hal.o
                0x20000094                uwTick
 COMMON         0x20000098        0x4 c:/program files (x86)/atollic/truestudio for arm 7.1.2/armtools/bin/../lib/gcc/arm-atollic-eabi/5.3.1/../../../../arm-atollic-eabi/lib/armv7e-m/fpu\libc_nano.a(lib_a-reent.o)
                0x20000098                errno
                0x2000009c                . = ALIGN (0x4)
                0x2000009c                _ebss = .
                0x2000009c                __bss_end__ = _ebss

._user_heap_stack
                0x2000009c      0x600
                0x2000009c                . = ALIGN (0x4)
                0x2000009c                PROVIDE (end, .)
                [!provide]                PROVIDE (_end, .)
                0x2000029c                . = (. + _Min_Heap_Size)
 *fill*         0x2000009c      0x200 
                0x2000069c                . = (. + _Min_Stack_Size)
 *fill*         0x2000029c      0x400 
                0x2000069c                . = ALIGN (0x4)

/DISCARD/
 libc.a(*)
 libm.a(*)
 libgcc.a(*)

.ARM.attributes
                0x00000000       0x30
 *(.ARM.attributes)
 .ARM.attributes
                0x00000000       0x22 c:/program files (x86)/atollic/truestudio for arm 7.1.2/armtools/bin/../lib/gcc/arm-atollic-eabi/5.3.1/armv7e-m/fpu/crti.o
 .ARM.attributes
                0x00000022       0x34 c:/program files (x86)/atollic/truestudio for arm 7.1.2/armtools/bin/../lib/gcc/arm-atollic-eabi/5.3.1/armv7e-m/fpu/crtbegin.o
 .ARM.attributes
                0x00000056       0x21 Drivers\CMSIS\Device\ST\STM32F3xx\Source\Templates\gcc\startup_stm32f303xc.o
 .ARM.attributes
                0x00000077       0x39 Drivers\STM32F3xx_HAL_Driver\Src\stm32f3xx_hal.o
 .ARM.attributes
                0x000000b0       0x39 Drivers\STM32F3xx_HAL_Driver\Src\stm32f3xx_hal_cortex.o
 .ARM.attributes
                0x000000e9       0x39 Drivers\STM32F3xx_HAL_Driver\Src\stm32f3xx_hal_gpio.o
 .ARM.attributes
                0x00000122       0x39 Drivers\STM32F3xx_HAL_Driver\Src\stm32f3xx_hal_pwr_ex.o
 .ARM.attributes
                0x0000015b       0x39 Drivers\STM32F3xx_HAL_Driver\Src\stm32f3xx_hal_rcc.o
 .ARM.attributes
                0x00000194       0x39 Src\HD44780_F3.o
 .ARM.attributes
                0x000001cd       0x39 Src\dwt_stm32_delay.o
 .ARM.attributes
                0x00000206       0x39 Src\main.o
 .ARM.attributes
                0x0000023f       0x39 Src\stm32f3xx_hal_msp.o
 .ARM.attributes
                0x00000278       0x39 Src\stm32f3xx_it.o
 .ARM.attributes
                0x000002b1       0x39 Src\system_stm32f3xx.o
 .ARM.attributes
                0x000002ea       0x34 c:/program files (x86)/atollic/truestudio for arm 7.1.2/armtools/bin/../lib/gcc/arm-atollic-eabi/5.3.1/../../../../arm-atollic-eabi/lib/armv7e-m/fpu\libc_nano.a(lib_a-init.o)
 .ARM.attributes
                0x0000031e       0x34 c:/program files (x86)/atollic/truestudio for arm 7.1.2/armtools/bin/../lib/gcc/arm-atollic-eabi/5.3.1/../../../../arm-atollic-eabi/lib/armv7e-m/fpu\libc_nano.a(lib_a-memset.o)
 .ARM.attributes
                0x00000352       0x34 c:/program files (x86)/atollic/truestudio for arm 7.1.2/armtools/bin/../lib/gcc/arm-atollic-eabi/5.3.1/../../../../arm-atollic-eabi/lib/armv7e-m/fpu\libc_nano.a(lib_a-printf.o)
 .ARM.attributes
                0x00000386       0x34 c:/program files (x86)/atollic/truestudio for arm 7.1.2/armtools/bin/../lib/gcc/arm-atollic-eabi/5.3.1/../../../../arm-atollic-eabi/lib/armv7e-m/fpu\libc_nano.a(lib_a-snprintf.o)
 .ARM.attributes
                0x000003ba       0x34 c:/program files (x86)/atollic/truestudio for arm 7.1.2/armtools/bin/../lib/gcc/arm-atollic-eabi/5.3.1/../../../../arm-atollic-eabi/lib/armv7e-m/fpu\libc_nano.a(lib_a-findfp.o)
 .ARM.attributes
                0x000003ee       0x34 c:/program files (x86)/atollic/truestudio for arm 7.1.2/armtools/bin/../lib/gcc/arm-atollic-eabi/5.3.1/../../../../arm-atollic-eabi/lib/armv7e-m/fpu\libc_nano.a(lib_a-fwalk.o)
 .ARM.attributes
                0x00000422       0x34 c:/program files (x86)/atollic/truestudio for arm 7.1.2/armtools/bin/../lib/gcc/arm-atollic-eabi/5.3.1/../../../../arm-atollic-eabi/lib/armv7e-m/fpu\libc_nano.a(lib_a-impure.o)
 .ARM.attributes
                0x00000456       0x34 c:/program files (x86)/atollic/truestudio for arm 7.1.2/armtools/bin/../lib/gcc/arm-atollic-eabi/5.3.1/../../../../arm-atollic-eabi/lib/armv7e-m/fpu\libc_nano.a(lib_a-nano-mallocr.o)
 .ARM.attributes
                0x0000048a       0x34 c:/program files (x86)/atollic/truestudio for arm 7.1.2/armtools/bin/../lib/gcc/arm-atollic-eabi/5.3.1/../../../../arm-atollic-eabi/lib/armv7e-m/fpu\libc_nano.a(lib_a-nano-svfprintf.o)
 .ARM.attributes
                0x000004be       0x34 c:/program files (x86)/atollic/truestudio for arm 7.1.2/armtools/bin/../lib/gcc/arm-atollic-eabi/5.3.1/../../../../arm-atollic-eabi/lib/armv7e-m/fpu\libc_nano.a(lib_a-nano-vfprintf.o)
 .ARM.attributes
                0x000004f2       0x34 c:/program files (x86)/atollic/truestudio for arm 7.1.2/armtools/bin/../lib/gcc/arm-atollic-eabi/5.3.1/../../../../arm-atollic-eabi/lib/armv7e-m/fpu\libc_nano.a(lib_a-nano-vfprintf_i.o)
 .ARM.attributes
                0x00000526       0x34 c:/program files (x86)/atollic/truestudio for arm 7.1.2/armtools/bin/../lib/gcc/arm-atollic-eabi/5.3.1/../../../../arm-atollic-eabi/lib/armv7e-m/fpu\libc_nano.a(lib_a-sbrkr.o)
 .ARM.attributes
                0x0000055a       0x34 c:/program files (x86)/atollic/truestudio for arm 7.1.2/armtools/bin/../lib/gcc/arm-atollic-eabi/5.3.1/../../../../arm-atollic-eabi/lib/armv7e-m/fpu\libc_nano.a(lib_a-stdio.o)
 .ARM.attributes
                0x0000058e       0x34 c:/program files (x86)/atollic/truestudio for arm 7.1.2/armtools/bin/../lib/gcc/arm-atollic-eabi/5.3.1/../../../../arm-atollic-eabi/lib/armv7e-m/fpu\libc_nano.a(lib_a-wbuf.o)
 .ARM.attributes
                0x000005c2       0x34 c:/program files (x86)/atollic/truestudio for arm 7.1.2/armtools/bin/../lib/gcc/arm-atollic-eabi/5.3.1/../../../../arm-atollic-eabi/lib/armv7e-m/fpu\libc_nano.a(lib_a-writer.o)
 .ARM.attributes
                0x000005f6       0x34 c:/program files (x86)/atollic/truestudio for arm 7.1.2/armtools/bin/../lib/gcc/arm-atollic-eabi/5.3.1/../../../../arm-atollic-eabi/lib/armv7e-m/fpu\libc_nano.a(lib_a-wsetup.o)
 .ARM.attributes
                0x0000062a       0x34 c:/program files (x86)/atollic/truestudio for arm 7.1.2/armtools/bin/../lib/gcc/arm-atollic-eabi/5.3.1/../../../../arm-atollic-eabi/lib/armv7e-m/fpu\libc_nano.a(lib_a-closer.o)
 .ARM.attributes
                0x0000065e       0x34 c:/program files (x86)/atollic/truestudio for arm 7.1.2/armtools/bin/../lib/gcc/arm-atollic-eabi/5.3.1/../../../../arm-atollic-eabi/lib/armv7e-m/fpu\libc_nano.a(lib_a-fflush.o)
 .ARM.attributes
                0x00000692       0x34 c:/program files (x86)/atollic/truestudio for arm 7.1.2/armtools/bin/../lib/gcc/arm-atollic-eabi/5.3.1/../../../../arm-atollic-eabi/lib/armv7e-m/fpu\libc_nano.a(lib_a-lseekr.o)
 .ARM.attributes
                0x000006c6       0x34 c:/program files (x86)/atollic/truestudio for arm 7.1.2/armtools/bin/../lib/gcc/arm-atollic-eabi/5.3.1/../../../../arm-atollic-eabi/lib/armv7e-m/fpu\libc_nano.a(lib_a-makebuf.o)
 .ARM.attributes
                0x000006fa       0x20 c:/program files (x86)/atollic/truestudio for arm 7.1.2/armtools/bin/../lib/gcc/arm-atollic-eabi/5.3.1/../../../../arm-atollic-eabi/lib/armv7e-m/fpu\libc_nano.a(lib_a-memchr.o)
 .ARM.attributes
                0x0000071a       0x34 c:/program files (x86)/atollic/truestudio for arm 7.1.2/armtools/bin/../lib/gcc/arm-atollic-eabi/5.3.1/../../../../arm-atollic-eabi/lib/armv7e-m/fpu\libc_nano.a(lib_a-memcpy-stub.o)
 .ARM.attributes
                0x0000074e       0x34 c:/program files (x86)/atollic/truestudio for arm 7.1.2/armtools/bin/../lib/gcc/arm-atollic-eabi/5.3.1/../../../../arm-atollic-eabi/lib/armv7e-m/fpu\libc_nano.a(lib_a-memmove.o)
 .ARM.attributes
                0x00000782       0x34 c:/program files (x86)/atollic/truestudio for arm 7.1.2/armtools/bin/../lib/gcc/arm-atollic-eabi/5.3.1/../../../../arm-atollic-eabi/lib/armv7e-m/fpu\libc_nano.a(lib_a-mlock.o)
 .ARM.attributes
                0x000007b6       0x34 c:/program files (x86)/atollic/truestudio for arm 7.1.2/armtools/bin/../lib/gcc/arm-atollic-eabi/5.3.1/../../../../arm-atollic-eabi/lib/armv7e-m/fpu\libc_nano.a(lib_a-nano-freer.o)
 .ARM.attributes
                0x000007ea       0x34 c:/program files (x86)/atollic/truestudio for arm 7.1.2/armtools/bin/../lib/gcc/arm-atollic-eabi/5.3.1/../../../../arm-atollic-eabi/lib/armv7e-m/fpu\libc_nano.a(lib_a-nano-reallocr.o)
 .ARM.attributes
                0x0000081e       0x34 c:/program files (x86)/atollic/truestudio for arm 7.1.2/armtools/bin/../lib/gcc/arm-atollic-eabi/5.3.1/../../../../arm-atollic-eabi/lib/armv7e-m/fpu\libc_nano.a(lib_a-readr.o)
 .ARM.attributes
                0x00000852       0x34 c:/program files (x86)/atollic/truestudio for arm 7.1.2/armtools/bin/../lib/gcc/arm-atollic-eabi/5.3.1/../../../../arm-atollic-eabi/lib/armv7e-m/fpu\libc_nano.a(lib_a-reent.o)
 .ARM.attributes
                0x00000886       0x34 c:/program files (x86)/atollic/truestudio for arm 7.1.2/armtools/bin/../lib/gcc/arm-atollic-eabi/5.3.1/../../../../arm-atollic-eabi/lib/armv7e-m/fpu\libc_nano.a(lib_a-fstatr.o)
 .ARM.attributes
                0x000008ba       0x34 c:/program files (x86)/atollic/truestudio for arm 7.1.2/armtools/bin/../lib/gcc/arm-atollic-eabi/5.3.1/../../../../arm-atollic-eabi/lib/armv7e-m/fpu\libc_nano.a(lib_a-isattyr.o)
 .ARM.attributes
                0x000008ee       0x34 c:/program files (x86)/atollic/truestudio for arm 7.1.2/armtools/bin/../lib/gcc/arm-atollic-eabi/5.3.1/../../../../arm-atollic-eabi/lib/armv7e-m/fpu\libc_nano.a(lib_a-nano-msizer.o)
 .ARM.attributes
                0x00000922       0x34 c:/program files (x86)/atollic/truestudio for arm 7.1.2/armtools/bin/../lib/gcc/arm-atollic-eabi/5.3.1/../../../../arm-atollic-eabi/lib/armv7e-m/fpu\libnosys.a(close.o)
 .ARM.attributes
                0x00000956       0x34 c:/program files (x86)/atollic/truestudio for arm 7.1.2/armtools/bin/../lib/gcc/arm-atollic-eabi/5.3.1/../../../../arm-atollic-eabi/lib/armv7e-m/fpu\libnosys.a(fstat.o)
 .ARM.attributes
                0x0000098a       0x34 c:/program files (x86)/atollic/truestudio for arm 7.1.2/armtools/bin/../lib/gcc/arm-atollic-eabi/5.3.1/../../../../arm-atollic-eabi/lib/armv7e-m/fpu\libnosys.a(isatty.o)
 .ARM.attributes
                0x000009be       0x34 c:/program files (x86)/atollic/truestudio for arm 7.1.2/armtools/bin/../lib/gcc/arm-atollic-eabi/5.3.1/../../../../arm-atollic-eabi/lib/armv7e-m/fpu\libnosys.a(lseek.o)
 .ARM.attributes
                0x000009f2       0x34 c:/program files (x86)/atollic/truestudio for arm 7.1.2/armtools/bin/../lib/gcc/arm-atollic-eabi/5.3.1/../../../../arm-atollic-eabi/lib/armv7e-m/fpu\libnosys.a(read.o)
 .ARM.attributes
                0x00000a26       0x34 c:/program files (x86)/atollic/truestudio for arm 7.1.2/armtools/bin/../lib/gcc/arm-atollic-eabi/5.3.1/../../../../arm-atollic-eabi/lib/armv7e-m/fpu\libnosys.a(sbrk.o)
 .ARM.attributes
                0x00000a5a       0x34 c:/program files (x86)/atollic/truestudio for arm 7.1.2/armtools/bin/../lib/gcc/arm-atollic-eabi/5.3.1/../../../../arm-atollic-eabi/lib/armv7e-m/fpu\libnosys.a(write.o)
 .ARM.attributes
                0x00000a8e       0x22 c:/program files (x86)/atollic/truestudio for arm 7.1.2/armtools/bin/../lib/gcc/arm-atollic-eabi/5.3.1/armv7e-m/fpu/crtn.o
OUTPUT(gpio_set_interrupt.elf elf32-littlearm)

.debug_line     0x00000000     0x233e
 .debug_line    0x00000000       0xae Drivers\CMSIS\Device\ST\STM32F3xx\Source\Templates\gcc\startup_stm32f303xc.o
 .debug_line    0x000000ae      0x354 Drivers\STM32F3xx_HAL_Driver\Src\stm32f3xx_hal.o
 .debug_line    0x00000402      0x3f2 Drivers\STM32F3xx_HAL_Driver\Src\stm32f3xx_hal_cortex.o
 .debug_line    0x000007f4      0x3a3 Drivers\STM32F3xx_HAL_Driver\Src\stm32f3xx_hal_gpio.o
 .debug_line    0x00000b97      0x250 Drivers\STM32F3xx_HAL_Driver\Src\stm32f3xx_hal_pwr_ex.o
 .debug_line    0x00000de7      0x770 Drivers\STM32F3xx_HAL_Driver\Src\stm32f3xx_hal_rcc.o
 .debug_line    0x00001557      0x351 Src\HD44780_F3.o
 .debug_line    0x000018a8      0x15a Src\dwt_stm32_delay.o
 .debug_line    0x00001a02      0x32c Src\main.o
 .debug_line    0x00001d2e      0x1de Src\stm32f3xx_hal_msp.o
 .debug_line    0x00001f0c      0x267 Src\stm32f3xx_it.o
 .debug_line    0x00002173      0x1cb Src\system_stm32f3xx.o

.debug_info     0x00000000     0x5592
 .debug_info    0x00000000       0xc1 Drivers\CMSIS\Device\ST\STM32F3xx\Source\Templates\gcc\startup_stm32f303xc.o
 .debug_info    0x000000c1      0x6ed Drivers\STM32F3xx_HAL_Driver\Src\stm32f3xx_hal.o
 .debug_info    0x000007ae      0xe2c Drivers\STM32F3xx_HAL_Driver\Src\stm32f3xx_hal_cortex.o
 .debug_info    0x000015da      0x671 Drivers\STM32F3xx_HAL_Driver\Src\stm32f3xx_hal_gpio.o
 .debug_info    0x00001c4b      0x27f Drivers\STM32F3xx_HAL_Driver\Src\stm32f3xx_hal_pwr_ex.o
 .debug_info    0x00001eca     0x1323 Drivers\STM32F3xx_HAL_Driver\Src\stm32f3xx_hal_rcc.o
 .debug_info    0x000031ed      0x9f0 Src\HD44780_F3.o
 .debug_info    0x00003bdd      0x278 Src\dwt_stm32_delay.o
 .debug_info    0x00003e55      0xbfe Src\main.o
 .debug_info    0x00004a53      0x4b3 Src\stm32f3xx_hal_msp.o
 .debug_info    0x00004f06      0x28c Src\stm32f3xx_it.o
 .debug_info    0x00005192      0x400 Src\system_stm32f3xx.o

.debug_abbrev   0x00000000     0x134a
 .debug_abbrev  0x00000000       0x12 Drivers\CMSIS\Device\ST\STM32F3xx\Source\Templates\gcc\startup_stm32f303xc.o
 .debug_abbrev  0x00000012      0x1d0 Drivers\STM32F3xx_HAL_Driver\Src\stm32f3xx_hal.o
 .debug_abbrev  0x000001e2      0x313 Drivers\STM32F3xx_HAL_Driver\Src\stm32f3xx_hal_cortex.o
 .debug_abbrev  0x000004f5      0x1c8 Drivers\STM32F3xx_HAL_Driver\Src\stm32f3xx_hal_gpio.o
 .debug_abbrev  0x000006bd      0x119 Drivers\STM32F3xx_HAL_Driver\Src\stm32f3xx_hal_pwr_ex.o
 .debug_abbrev  0x000007d6      0x2ca Drivers\STM32F3xx_HAL_Driver\Src\stm32f3xx_hal_rcc.o
 .debug_abbrev  0x00000aa0      0x244 Src\HD44780_F3.o
 .debug_abbrev  0x00000ce4       0xab Src\dwt_stm32_delay.o
 .debug_abbrev  0x00000d8f      0x257 Src\main.o
 .debug_abbrev  0x00000fe6      0x10f Src\stm32f3xx_hal_msp.o
 .debug_abbrev  0x000010f5      0x154 Src\stm32f3xx_it.o
 .debug_abbrev  0x00001249      0x101 Src\system_stm32f3xx.o

.debug_aranges  0x00000000      0x3e0
 .debug_aranges
                0x00000000       0x28 Drivers\CMSIS\Device\ST\STM32F3xx\Source\Templates\gcc\startup_stm32f303xc.o
 .debug_aranges
                0x00000028       0xa8 Drivers\STM32F3xx_HAL_Driver\Src\stm32f3xx_hal.o
 .debug_aranges
                0x000000d0       0x98 Drivers\STM32F3xx_HAL_Driver\Src\stm32f3xx_hal_cortex.o
 .debug_aranges
                0x00000168       0x58 Drivers\STM32F3xx_HAL_Driver\Src\stm32f3xx_hal_gpio.o
 .debug_aranges
                0x000001c0       0x40 Drivers\STM32F3xx_HAL_Driver\Src\stm32f3xx_hal_pwr_ex.o
 .debug_aranges
                0x00000200       0x88 Drivers\STM32F3xx_HAL_Driver\Src\stm32f3xx_hal_rcc.o
 .debug_aranges
                0x00000288       0x80 Src\HD44780_F3.o
 .debug_aranges
                0x00000308       0x20 Src\dwt_stm32_delay.o
 .debug_aranges
                0x00000328       0x38 Src\main.o
 .debug_aranges
                0x00000360       0x20 Src\stm32f3xx_hal_msp.o
 .debug_aranges
                0x00000380       0x38 Src\stm32f3xx_it.o
 .debug_aranges
                0x000003b8       0x28 Src\system_stm32f3xx.o

.debug_ranges   0x00000000      0x5b0
 .debug_ranges  0x00000000       0x20 Drivers\CMSIS\Device\ST\STM32F3xx\Source\Templates\gcc\startup_stm32f303xc.o
 .debug_ranges  0x00000020       0x98 Drivers\STM32F3xx_HAL_Driver\Src\stm32f3xx_hal.o
 .debug_ranges  0x000000b8      0x148 Drivers\STM32F3xx_HAL_Driver\Src\stm32f3xx_hal_cortex.o
 .debug_ranges  0x00000200       0x68 Drivers\STM32F3xx_HAL_Driver\Src\stm32f3xx_hal_gpio.o
 .debug_ranges  0x00000268       0x30 Drivers\STM32F3xx_HAL_Driver\Src\stm32f3xx_hal_pwr_ex.o
 .debug_ranges  0x00000298      0x1d0 Drivers\STM32F3xx_HAL_Driver\Src\stm32f3xx_hal_rcc.o
 .debug_ranges  0x00000468       0xa0 Src\HD44780_F3.o
 .debug_ranges  0x00000508       0x10 Src\dwt_stm32_delay.o
 .debug_ranges  0x00000518       0x28 Src\main.o
 .debug_ranges  0x00000540       0x30 Src\stm32f3xx_hal_msp.o
 .debug_ranges  0x00000570       0x28 Src\stm32f3xx_it.o
 .debug_ranges  0x00000598       0x18 Src\system_stm32f3xx.o

.debug_loc      0x00000000     0x137b
 .debug_loc     0x00000000       0x4b Drivers\STM32F3xx_HAL_Driver\Src\stm32f3xx_hal.o
 .debug_loc     0x0000004b      0x4ab Drivers\STM32F3xx_HAL_Driver\Src\stm32f3xx_hal_cortex.o
 .debug_loc     0x000004f6      0x29a Drivers\STM32F3xx_HAL_Driver\Src\stm32f3xx_hal_gpio.o
 .debug_loc     0x00000790       0x21 Drivers\STM32F3xx_HAL_Driver\Src\stm32f3xx_hal_pwr_ex.o
 .debug_loc     0x000007b1      0x82b Drivers\STM32F3xx_HAL_Driver\Src\stm32f3xx_hal_rcc.o
 .debug_loc     0x00000fdc      0x283 Src\HD44780_F3.o
 .debug_loc     0x0000125f       0x5e Src\main.o
 .debug_loc     0x000012bd       0xbe Src\system_stm32f3xx.o

.debug_str      0x00000000     0x15e2
 .debug_str     0x00000000      0x8ba Drivers\STM32F3xx_HAL_Driver\Src\stm32f3xx_hal.o
                                0x90f (size before relaxing)
 .debug_str     0x000008ba      0x3e7 Drivers\STM32F3xx_HAL_Driver\Src\stm32f3xx_hal_cortex.o
                                0xb71 (size before relaxing)
 .debug_str     0x00000ca1      0x1f3 Drivers\STM32F3xx_HAL_Driver\Src\stm32f3xx_hal_gpio.o
                                0x495 (size before relaxing)
 .debug_str     0x00000e94       0xcc Drivers\STM32F3xx_HAL_Driver\Src\stm32f3xx_hal_pwr_ex.o
                                0x30b (size before relaxing)
 .debug_str     0x00000f60      0x333 Drivers\STM32F3xx_HAL_Driver\Src\stm32f3xx_hal_rcc.o
                                0x6b9 (size before relaxing)
 .debug_str     0x00001293       0xff Src\HD44780_F3.o
                                0x411 (size before relaxing)
 .debug_str     0x00001392       0xe2 Src\dwt_stm32_delay.o
                                0x2eb (size before relaxing)
 .debug_str     0x00001474       0xa7 Src\main.o
                                0xaa6 (size before relaxing)
 .debug_str     0x0000151b       0x27 Src\stm32f3xx_hal_msp.o
                                0x6de (size before relaxing)
 .debug_str     0x00001542       0x46 Src\stm32f3xx_it.o
                                0x2f2 (size before relaxing)
 .debug_str     0x00001588       0x5a Src\system_stm32f3xx.o
                                0x32f (size before relaxing)

.comment        0x00000000       0x7e
 .comment       0x00000000       0x7e Drivers\STM32F3xx_HAL_Driver\Src\stm32f3xx_hal.o
                                 0x7f (size before relaxing)
 .comment       0x0000007e       0x7f Drivers\STM32F3xx_HAL_Driver\Src\stm32f3xx_hal_cortex.o
 .comment       0x0000007e       0x7f Drivers\STM32F3xx_HAL_Driver\Src\stm32f3xx_hal_gpio.o
 .comment       0x0000007e       0x7f Drivers\STM32F3xx_HAL_Driver\Src\stm32f3xx_hal_pwr_ex.o
 .comment       0x0000007e       0x7f Drivers\STM32F3xx_HAL_Driver\Src\stm32f3xx_hal_rcc.o
 .comment       0x0000007e       0x7f Src\HD44780_F3.o
 .comment       0x0000007e       0x7f Src\dwt_stm32_delay.o
 .comment       0x0000007e       0x7f Src\main.o
 .comment       0x0000007e       0x7f Src\stm32f3xx_hal_msp.o
 .comment       0x0000007e       0x7f Src\stm32f3xx_it.o
 .comment       0x0000007e       0x7f Src\system_stm32f3xx.o

.debug_frame    0x00000000     0x1150
 .debug_frame   0x00000000      0x164 Drivers\STM32F3xx_HAL_Driver\Src\stm32f3xx_hal.o
 .debug_frame   0x00000164      0x130 Drivers\STM32F3xx_HAL_Driver\Src\stm32f3xx_hal_cortex.o
 .debug_frame   0x00000294       0xd4 Drivers\STM32F3xx_HAL_Driver\Src\stm32f3xx_hal_gpio.o
 .debug_frame   0x00000368       0x68 Drivers\STM32F3xx_HAL_Driver\Src\stm32f3xx_hal_pwr_ex.o
 .debug_frame   0x000003d0      0x138 Drivers\STM32F3xx_HAL_Driver\Src\stm32f3xx_hal_rcc.o
 .debug_frame   0x00000508      0x13c Src\HD44780_F3.o
 .debug_frame   0x00000644       0x20 Src\dwt_stm32_delay.o
 .debug_frame   0x00000664       0x78 Src\main.o
 .debug_frame   0x000006dc       0x28 Src\stm32f3xx_hal_msp.o
 .debug_frame   0x00000704       0x74 Src\stm32f3xx_it.o
 .debug_frame   0x00000778       0x38 Src\system_stm32f3xx.o
 .debug_frame   0x000007b0       0x2c c:/program files (x86)/atollic/truestudio for arm 7.1.2/armtools/bin/../lib/gcc/arm-atollic-eabi/5.3.1/../../../../arm-atollic-eabi/lib/armv7e-m/fpu\libc_nano.a(lib_a-init.o)
 .debug_frame   0x000007dc       0x20 c:/program files (x86)/atollic/truestudio for arm 7.1.2/armtools/bin/../lib/gcc/arm-atollic-eabi/5.3.1/../../../../arm-atollic-eabi/lib/armv7e-m/fpu\libc_nano.a(lib_a-memset.o)
 .debug_frame   0x000007fc       0x74 c:/program files (x86)/atollic/truestudio for arm 7.1.2/armtools/bin/../lib/gcc/arm-atollic-eabi/5.3.1/../../../../arm-atollic-eabi/lib/armv7e-m/fpu\libc_nano.a(lib_a-printf.o)
 .debug_frame   0x00000870       0x74 c:/program files (x86)/atollic/truestudio for arm 7.1.2/armtools/bin/../lib/gcc/arm-atollic-eabi/5.3.1/../../../../arm-atollic-eabi/lib/armv7e-m/fpu\libc_nano.a(lib_a-snprintf.o)
 .debug_frame   0x000008e4      0x11c c:/program files (x86)/atollic/truestudio for arm 7.1.2/armtools/bin/../lib/gcc/arm-atollic-eabi/5.3.1/../../../../arm-atollic-eabi/lib/armv7e-m/fpu\libc_nano.a(lib_a-findfp.o)
 .debug_frame   0x00000a00       0x54 c:/program files (x86)/atollic/truestudio for arm 7.1.2/armtools/bin/../lib/gcc/arm-atollic-eabi/5.3.1/../../../../arm-atollic-eabi/lib/armv7e-m/fpu\libc_nano.a(lib_a-fwalk.o)
 .debug_frame   0x00000a54       0x2c c:/program files (x86)/atollic/truestudio for arm 7.1.2/armtools/bin/../lib/gcc/arm-atollic-eabi/5.3.1/../../../../arm-atollic-eabi/lib/armv7e-m/fpu\libc_nano.a(lib_a-nano-mallocr.o)
 .debug_frame   0x00000a80       0x90 c:/program files (x86)/atollic/truestudio for arm 7.1.2/armtools/bin/../lib/gcc/arm-atollic-eabi/5.3.1/../../../../arm-atollic-eabi/lib/armv7e-m/fpu\libc_nano.a(lib_a-nano-svfprintf.o)
 .debug_frame   0x00000b10       0xac c:/program files (x86)/atollic/truestudio for arm 7.1.2/armtools/bin/../lib/gcc/arm-atollic-eabi/5.3.1/../../../../arm-atollic-eabi/lib/armv7e-m/fpu\libc_nano.a(lib_a-nano-vfprintf.o)
 .debug_frame   0x00000bbc       0x60 c:/program files (x86)/atollic/truestudio for arm 7.1.2/armtools/bin/../lib/gcc/arm-atollic-eabi/5.3.1/../../../../arm-atollic-eabi/lib/armv7e-m/fpu\libc_nano.a(lib_a-nano-vfprintf_i.o)
 .debug_frame   0x00000c1c       0x2c c:/program files (x86)/atollic/truestudio for arm 7.1.2/armtools/bin/../lib/gcc/arm-atollic-eabi/5.3.1/../../../../arm-atollic-eabi/lib/armv7e-m/fpu\libc_nano.a(lib_a-sbrkr.o)
 .debug_frame   0x00000c48       0x88 c:/program files (x86)/atollic/truestudio for arm 7.1.2/armtools/bin/../lib/gcc/arm-atollic-eabi/5.3.1/../../../../arm-atollic-eabi/lib/armv7e-m/fpu\libc_nano.a(lib_a-stdio.o)
 .debug_frame   0x00000cd0       0x40 c:/program files (x86)/atollic/truestudio for arm 7.1.2/armtools/bin/../lib/gcc/arm-atollic-eabi/5.3.1/../../../../arm-atollic-eabi/lib/armv7e-m/fpu\libc_nano.a(lib_a-wbuf.o)
 .debug_frame   0x00000d10       0x2c c:/program files (x86)/atollic/truestudio for arm 7.1.2/armtools/bin/../lib/gcc/arm-atollic-eabi/5.3.1/../../../../arm-atollic-eabi/lib/armv7e-m/fpu\libc_nano.a(lib_a-writer.o)
 .debug_frame   0x00000d3c       0x2c c:/program files (x86)/atollic/truestudio for arm 7.1.2/armtools/bin/../lib/gcc/arm-atollic-eabi/5.3.1/../../../../arm-atollic-eabi/lib/armv7e-m/fpu\libc_nano.a(lib_a-wsetup.o)
 .debug_frame   0x00000d68       0x2c c:/program files (x86)/atollic/truestudio for arm 7.1.2/armtools/bin/../lib/gcc/arm-atollic-eabi/5.3.1/../../../../arm-atollic-eabi/lib/armv7e-m/fpu\libc_nano.a(lib_a-closer.o)
 .debug_frame   0x00000d94       0x68 c:/program files (x86)/atollic/truestudio for arm 7.1.2/armtools/bin/../lib/gcc/arm-atollic-eabi/5.3.1/../../../../arm-atollic-eabi/lib/armv7e-m/fpu\libc_nano.a(lib_a-fflush.o)
 .debug_frame   0x00000dfc       0x2c c:/program files (x86)/atollic/truestudio for arm 7.1.2/armtools/bin/../lib/gcc/arm-atollic-eabi/5.3.1/../../../../arm-atollic-eabi/lib/armv7e-m/fpu\libc_nano.a(lib_a-lseekr.o)
 .debug_frame   0x00000e28       0x54 c:/program files (x86)/atollic/truestudio for arm 7.1.2/armtools/bin/../lib/gcc/arm-atollic-eabi/5.3.1/../../../../arm-atollic-eabi/lib/armv7e-m/fpu\libc_nano.a(lib_a-makebuf.o)
 .debug_frame   0x00000e7c       0x28 c:/program files (x86)/atollic/truestudio for arm 7.1.2/armtools/bin/../lib/gcc/arm-atollic-eabi/5.3.1/../../../../arm-atollic-eabi/lib/armv7e-m/fpu\libc_nano.a(lib_a-memcpy-stub.o)
 .debug_frame   0x00000ea4       0x28 c:/program files (x86)/atollic/truestudio for arm 7.1.2/armtools/bin/../lib/gcc/arm-atollic-eabi/5.3.1/../../../../arm-atollic-eabi/lib/armv7e-m/fpu\libc_nano.a(lib_a-memmove.o)
 .debug_frame   0x00000ecc       0x30 c:/program files (x86)/atollic/truestudio for arm 7.1.2/armtools/bin/../lib/gcc/arm-atollic-eabi/5.3.1/../../../../arm-atollic-eabi/lib/armv7e-m/fpu\libc_nano.a(lib_a-mlock.o)
 .debug_frame   0x00000efc       0x38 c:/program files (x86)/atollic/truestudio for arm 7.1.2/armtools/bin/../lib/gcc/arm-atollic-eabi/5.3.1/../../../../arm-atollic-eabi/lib/armv7e-m/fpu\libc_nano.a(lib_a-nano-freer.o)
 .debug_frame   0x00000f34       0x3c c:/program files (x86)/atollic/truestudio for arm 7.1.2/armtools/bin/../lib/gcc/arm-atollic-eabi/5.3.1/../../../../arm-atollic-eabi/lib/armv7e-m/fpu\libc_nano.a(lib_a-nano-reallocr.o)
 .debug_frame   0x00000f70       0x2c c:/program files (x86)/atollic/truestudio for arm 7.1.2/armtools/bin/../lib/gcc/arm-atollic-eabi/5.3.1/../../../../arm-atollic-eabi/lib/armv7e-m/fpu\libc_nano.a(lib_a-readr.o)
 .debug_frame   0x00000f9c       0x5c c:/program files (x86)/atollic/truestudio for arm 7.1.2/armtools/bin/../lib/gcc/arm-atollic-eabi/5.3.1/../../../../arm-atollic-eabi/lib/armv7e-m/fpu\libc_nano.a(lib_a-reent.o)
 .debug_frame   0x00000ff8       0x2c c:/program files (x86)/atollic/truestudio for arm 7.1.2/armtools/bin/../lib/gcc/arm-atollic-eabi/5.3.1/../../../../arm-atollic-eabi/lib/armv7e-m/fpu\libc_nano.a(lib_a-fstatr.o)
 .debug_frame   0x00001024       0x2c c:/program files (x86)/atollic/truestudio for arm 7.1.2/armtools/bin/../lib/gcc/arm-atollic-eabi/5.3.1/../../../../arm-atollic-eabi/lib/armv7e-m/fpu\libc_nano.a(lib_a-isattyr.o)
 .debug_frame   0x00001050       0x20 c:/program files (x86)/atollic/truestudio for arm 7.1.2/armtools/bin/../lib/gcc/arm-atollic-eabi/5.3.1/../../../../arm-atollic-eabi/lib/armv7e-m/fpu\libc_nano.a(lib_a-nano-msizer.o)
 .debug_frame   0x00001070       0x20 c:/program files (x86)/atollic/truestudio for arm 7.1.2/armtools/bin/../lib/gcc/arm-atollic-eabi/5.3.1/../../../../arm-atollic-eabi/lib/armv7e-m/fpu\libnosys.a(close.o)
 .debug_frame   0x00001090       0x20 c:/program files (x86)/atollic/truestudio for arm 7.1.2/armtools/bin/../lib/gcc/arm-atollic-eabi/5.3.1/../../../../arm-atollic-eabi/lib/armv7e-m/fpu\libnosys.a(fstat.o)
 .debug_frame   0x000010b0       0x20 c:/program files (x86)/atollic/truestudio for arm 7.1.2/armtools/bin/../lib/gcc/arm-atollic-eabi/5.3.1/../../../../arm-atollic-eabi/lib/armv7e-m/fpu\libnosys.a(isatty.o)
 .debug_frame   0x000010d0       0x20 c:/program files (x86)/atollic/truestudio for arm 7.1.2/armtools/bin/../lib/gcc/arm-atollic-eabi/5.3.1/../../../../arm-atollic-eabi/lib/armv7e-m/fpu\libnosys.a(lseek.o)
 .debug_frame   0x000010f0       0x20 c:/program files (x86)/atollic/truestudio for arm 7.1.2/armtools/bin/../lib/gcc/arm-atollic-eabi/5.3.1/../../../../arm-atollic-eabi/lib/armv7e-m/fpu\libnosys.a(read.o)
 .debug_frame   0x00001110       0x20 c:/program files (x86)/atollic/truestudio for arm 7.1.2/armtools/bin/../lib/gcc/arm-atollic-eabi/5.3.1/../../../../arm-atollic-eabi/lib/armv7e-m/fpu\libnosys.a(sbrk.o)
 .debug_frame   0x00001130       0x20 c:/program files (x86)/atollic/truestudio for arm 7.1.2/armtools/bin/../lib/gcc/arm-atollic-eabi/5.3.1/../../../../arm-atollic-eabi/lib/armv7e-m/fpu\libnosys.a(write.o)

.stab           0x00000000       0x9c
 .stab          0x00000000       0x24 c:/program files (x86)/atollic/truestudio for arm 7.1.2/armtools/bin/../lib/gcc/arm-atollic-eabi/5.3.1/../../../../arm-atollic-eabi/lib/armv7e-m/fpu\libnosys.a(close.o)
 .stab          0x00000024       0x18 c:/program files (x86)/atollic/truestudio for arm 7.1.2/armtools/bin/../lib/gcc/arm-atollic-eabi/5.3.1/../../../../arm-atollic-eabi/lib/armv7e-m/fpu\libnosys.a(fstat.o)
                                 0x24 (size before relaxing)
 .stab          0x0000003c       0x18 c:/program files (x86)/atollic/truestudio for arm 7.1.2/armtools/bin/../lib/gcc/arm-atollic-eabi/5.3.1/../../../../arm-atollic-eabi/lib/armv7e-m/fpu\libnosys.a(isatty.o)
                                 0x24 (size before relaxing)
 .stab          0x00000054       0x18 c:/program files (x86)/atollic/truestudio for arm 7.1.2/armtools/bin/../lib/gcc/arm-atollic-eabi/5.3.1/../../../../arm-atollic-eabi/lib/armv7e-m/fpu\libnosys.a(lseek.o)
                                 0x24 (size before relaxing)
 .stab          0x0000006c       0x18 c:/program files (x86)/atollic/truestudio for arm 7.1.2/armtools/bin/../lib/gcc/arm-atollic-eabi/5.3.1/../../../../arm-atollic-eabi/lib/armv7e-m/fpu\libnosys.a(read.o)
                                 0x24 (size before relaxing)
 .stab          0x00000084       0x18 c:/program files (x86)/atollic/truestudio for arm 7.1.2/armtools/bin/../lib/gcc/arm-atollic-eabi/5.3.1/../../../../arm-atollic-eabi/lib/armv7e-m/fpu\libnosys.a(write.o)
                                 0x24 (size before relaxing)

.stabstr        0x00000000      0x14d
 .stabstr       0x00000000      0x14d c:/program files (x86)/atollic/truestudio for arm 7.1.2/armtools/bin/../lib/gcc/arm-atollic-eabi/5.3.1/../../../../arm-atollic-eabi/lib/armv7e-m/fpu\libnosys.a(close.o)

Cross Reference Table

Symbol                                            File
ADC1_2_IRQHandler                                 Drivers\CMSIS\Device\ST\STM32F3xx\Source\Templates\gcc\startup_stm32f303xc.o
ADC3_IRQHandler                                   Drivers\CMSIS\Device\ST\STM32F3xx\Source\Templates\gcc\startup_stm32f303xc.o
ADC4_IRQHandler                                   Drivers\CMSIS\Device\ST\STM32F3xx\Source\Templates\gcc\startup_stm32f303xc.o
AHBPrescTable                                     Src\system_stm32f3xx.o
                                                  Drivers\STM32F3xx_HAL_Driver\Src\stm32f3xx_hal_rcc.o
APBPrescTable                                     Src\system_stm32f3xx.o
                                                  Drivers\STM32F3xx_HAL_Driver\Src\stm32f3xx_hal_rcc.o
BusFault_Handler                                  Drivers\CMSIS\Device\ST\STM32F3xx\Source\Templates\gcc\startup_stm32f303xc.o
CAN_RX1_IRQHandler                                Drivers\CMSIS\Device\ST\STM32F3xx\Source\Templates\gcc\startup_stm32f303xc.o
CAN_SCE_IRQHandler                                Drivers\CMSIS\Device\ST\STM32F3xx\Source\Templates\gcc\startup_stm32f303xc.o
COMP1_2_3_IRQHandler                              Drivers\CMSIS\Device\ST\STM32F3xx\Source\Templates\gcc\startup_stm32f303xc.o
COMP4_5_6_IRQHandler                              Drivers\CMSIS\Device\ST\STM32F3xx\Source\Templates\gcc\startup_stm32f303xc.o
COMP7_IRQHandler                                  Drivers\CMSIS\Device\ST\STM32F3xx\Source\Templates\gcc\startup_stm32f303xc.o
DMA1_Channel1_IRQHandler                          Drivers\CMSIS\Device\ST\STM32F3xx\Source\Templates\gcc\startup_stm32f303xc.o
DMA1_Channel2_IRQHandler                          Drivers\CMSIS\Device\ST\STM32F3xx\Source\Templates\gcc\startup_stm32f303xc.o
DMA1_Channel3_IRQHandler                          Drivers\CMSIS\Device\ST\STM32F3xx\Source\Templates\gcc\startup_stm32f303xc.o
DMA1_Channel4_IRQHandler                          Drivers\CMSIS\Device\ST\STM32F3xx\Source\Templates\gcc\startup_stm32f303xc.o
DMA1_Channel5_IRQHandler                          Drivers\CMSIS\Device\ST\STM32F3xx\Source\Templates\gcc\startup_stm32f303xc.o
DMA1_Channel6_IRQHandler                          Drivers\CMSIS\Device\ST\STM32F3xx\Source\Templates\gcc\startup_stm32f303xc.o
DMA1_Channel7_IRQHandler                          Drivers\CMSIS\Device\ST\STM32F3xx\Source\Templates\gcc\startup_stm32f303xc.o
DMA2_Channel1_IRQHandler                          Drivers\CMSIS\Device\ST\STM32F3xx\Source\Templates\gcc\startup_stm32f303xc.o
DMA2_Channel2_IRQHandler                          Drivers\CMSIS\Device\ST\STM32F3xx\Source\Templates\gcc\startup_stm32f303xc.o
DMA2_Channel3_IRQHandler                          Drivers\CMSIS\Device\ST\STM32F3xx\Source\Templates\gcc\startup_stm32f303xc.o
DMA2_Channel4_IRQHandler                          Drivers\CMSIS\Device\ST\STM32F3xx\Source\Templates\gcc\startup_stm32f303xc.o
DMA2_Channel5_IRQHandler                          Drivers\CMSIS\Device\ST\STM32F3xx\Source\Templates\gcc\startup_stm32f303xc.o
DWT_Delay_Init                                    Src\dwt_stm32_delay.o
                                                  Src\main.o
DebugMon_Handler                                  Drivers\CMSIS\Device\ST\STM32F3xx\Source\Templates\gcc\startup_stm32f303xc.o
Default_Handler                                   Drivers\CMSIS\Device\ST\STM32F3xx\Source\Templates\gcc\startup_stm32f303xc.o
EXTI0_IRQHandler                                  Src\stm32f3xx_it.o
                                                  Drivers\CMSIS\Device\ST\STM32F3xx\Source\Templates\gcc\startup_stm32f303xc.o
EXTI15_10_IRQHandler                              Drivers\CMSIS\Device\ST\STM32F3xx\Source\Templates\gcc\startup_stm32f303xc.o
EXTI1_IRQHandler                                  Drivers\CMSIS\Device\ST\STM32F3xx\Source\Templates\gcc\startup_stm32f303xc.o
EXTI2_TSC_IRQHandler                              Drivers\CMSIS\Device\ST\STM32F3xx\Source\Templates\gcc\startup_stm32f303xc.o
EXTI3_IRQHandler                                  Drivers\CMSIS\Device\ST\STM32F3xx\Source\Templates\gcc\startup_stm32f303xc.o
EXTI4_IRQHandler                                  Drivers\CMSIS\Device\ST\STM32F3xx\Source\Templates\gcc\startup_stm32f303xc.o
EXTI9_5_IRQHandler                                Drivers\CMSIS\Device\ST\STM32F3xx\Source\Templates\gcc\startup_stm32f303xc.o
Error_Handler                                     Src\main.o
FLASH_IRQHandler                                  Drivers\CMSIS\Device\ST\STM32F3xx\Source\Templates\gcc\startup_stm32f303xc.o
FLASH_PageErase                                   Drivers\STM32F3xx_HAL_Driver\Src\stm32f3xx_hal_flash_ex.o
                                                  Drivers\STM32F3xx_HAL_Driver\Src\stm32f3xx_hal_flash.o
FLASH_WaitForLastOperation                        Drivers\STM32F3xx_HAL_Driver\Src\stm32f3xx_hal_flash.o
                                                  Drivers\STM32F3xx_HAL_Driver\Src\stm32f3xx_hal_flash_ex.o
FPU_IRQHandler                                    Drivers\CMSIS\Device\ST\STM32F3xx\Source\Templates\gcc\startup_stm32f303xc.o
GPIO_ResetBits                                    Src\HD44780_F3.o
GPIO_SetBits                                      Src\HD44780_F3.o
HAL_DBGMCU_DisableDBGSleepMode                    Drivers\STM32F3xx_HAL_Driver\Src\stm32f3xx_hal.o
HAL_DBGMCU_DisableDBGStandbyMode                  Drivers\STM32F3xx_HAL_Driver\Src\stm32f3xx_hal.o
HAL_DBGMCU_DisableDBGStopMode                     Drivers\STM32F3xx_HAL_Driver\Src\stm32f3xx_hal.o
HAL_DBGMCU_EnableDBGSleepMode                     Drivers\STM32F3xx_HAL_Driver\Src\stm32f3xx_hal.o
HAL_DBGMCU_EnableDBGStandbyMode                   Drivers\STM32F3xx_HAL_Driver\Src\stm32f3xx_hal.o
HAL_DBGMCU_EnableDBGStopMode                      Drivers\STM32F3xx_HAL_Driver\Src\stm32f3xx_hal.o
HAL_DMA_Abort                                     Drivers\STM32F3xx_HAL_Driver\Src\stm32f3xx_hal_dma.o
HAL_DMA_Abort_IT                                  Drivers\STM32F3xx_HAL_Driver\Src\stm32f3xx_hal_dma.o
                                                  Drivers\STM32F3xx_HAL_Driver\Src\stm32f3xx_hal_i2c.o
HAL_DMA_DeInit                                    Drivers\STM32F3xx_HAL_Driver\Src\stm32f3xx_hal_dma.o
HAL_DMA_GetError                                  Drivers\STM32F3xx_HAL_Driver\Src\stm32f3xx_hal_dma.o
HAL_DMA_GetState                                  Drivers\STM32F3xx_HAL_Driver\Src\stm32f3xx_hal_dma.o
HAL_DMA_IRQHandler                                Drivers\STM32F3xx_HAL_Driver\Src\stm32f3xx_hal_dma.o
HAL_DMA_Init                                      Drivers\STM32F3xx_HAL_Driver\Src\stm32f3xx_hal_dma.o
HAL_DMA_PollForTransfer                           Drivers\STM32F3xx_HAL_Driver\Src\stm32f3xx_hal_dma.o
HAL_DMA_Start                                     Drivers\STM32F3xx_HAL_Driver\Src\stm32f3xx_hal_dma.o
HAL_DMA_Start_IT                                  Drivers\STM32F3xx_HAL_Driver\Src\stm32f3xx_hal_dma.o
                                                  Drivers\STM32F3xx_HAL_Driver\Src\stm32f3xx_hal_i2c.o
HAL_DeInit                                        Drivers\STM32F3xx_HAL_Driver\Src\stm32f3xx_hal.o
HAL_Delay                                         Drivers\STM32F3xx_HAL_Driver\Src\stm32f3xx_hal.o
                                                  Src\main.o
                                                  Src\HD44780_F3.o
HAL_FLASHEx_Erase                                 Drivers\STM32F3xx_HAL_Driver\Src\stm32f3xx_hal_flash_ex.o
HAL_FLASHEx_Erase_IT                              Drivers\STM32F3xx_HAL_Driver\Src\stm32f3xx_hal_flash_ex.o
HAL_FLASHEx_OBErase                               Drivers\STM32F3xx_HAL_Driver\Src\stm32f3xx_hal_flash_ex.o
HAL_FLASHEx_OBGetConfig                           Drivers\STM32F3xx_HAL_Driver\Src\stm32f3xx_hal_flash_ex.o
HAL_FLASHEx_OBGetUserData                         Drivers\STM32F3xx_HAL_Driver\Src\stm32f3xx_hal_flash_ex.o
HAL_FLASHEx_OBProgram                             Drivers\STM32F3xx_HAL_Driver\Src\stm32f3xx_hal_flash_ex.o
HAL_FLASH_EndOfOperationCallback                  Drivers\STM32F3xx_HAL_Driver\Src\stm32f3xx_hal_flash.o
HAL_FLASH_GetError                                Drivers\STM32F3xx_HAL_Driver\Src\stm32f3xx_hal_flash.o
HAL_FLASH_IRQHandler                              Drivers\STM32F3xx_HAL_Driver\Src\stm32f3xx_hal_flash.o
HAL_FLASH_Lock                                    Drivers\STM32F3xx_HAL_Driver\Src\stm32f3xx_hal_flash.o
HAL_FLASH_OB_Launch                               Drivers\STM32F3xx_HAL_Driver\Src\stm32f3xx_hal_flash.o
HAL_FLASH_OB_Lock                                 Drivers\STM32F3xx_HAL_Driver\Src\stm32f3xx_hal_flash.o
HAL_FLASH_OB_Unlock                               Drivers\STM32F3xx_HAL_Driver\Src\stm32f3xx_hal_flash.o
HAL_FLASH_OperationErrorCallback                  Drivers\STM32F3xx_HAL_Driver\Src\stm32f3xx_hal_flash.o
HAL_FLASH_Program                                 Drivers\STM32F3xx_HAL_Driver\Src\stm32f3xx_hal_flash.o
HAL_FLASH_Program_IT                              Drivers\STM32F3xx_HAL_Driver\Src\stm32f3xx_hal_flash.o
HAL_FLASH_Unlock                                  Drivers\STM32F3xx_HAL_Driver\Src\stm32f3xx_hal_flash.o
HAL_GPIO_DeInit                                   Drivers\STM32F3xx_HAL_Driver\Src\stm32f3xx_hal_gpio.o
HAL_GPIO_EXTI_Callback                            Drivers\STM32F3xx_HAL_Driver\Src\stm32f3xx_hal_gpio.o
HAL_GPIO_EXTI_IRQHandler                          Drivers\STM32F3xx_HAL_Driver\Src\stm32f3xx_hal_gpio.o
                                                  Src\stm32f3xx_it.o
HAL_GPIO_Init                                     Drivers\STM32F3xx_HAL_Driver\Src\stm32f3xx_hal_gpio.o
                                                  Src\main.o
                                                  Src\HD44780_F3.o
                                                  Drivers\STM32F3xx_HAL_Driver\Src\stm32f3xx_hal_rcc.o
HAL_GPIO_LockPin                                  Drivers\STM32F3xx_HAL_Driver\Src\stm32f3xx_hal_gpio.o
HAL_GPIO_ReadPin                                  Drivers\STM32F3xx_HAL_Driver\Src\stm32f3xx_hal_gpio.o
HAL_GPIO_TogglePin                                Drivers\STM32F3xx_HAL_Driver\Src\stm32f3xx_hal_gpio.o
HAL_GPIO_WritePin                                 Drivers\STM32F3xx_HAL_Driver\Src\stm32f3xx_hal_gpio.o
                                                  Src\stm32f3xx_it.o
                                                  Src\main.o
                                                  Src\HD44780_F3.o
HAL_GetDEVID                                      Drivers\STM32F3xx_HAL_Driver\Src\stm32f3xx_hal.o
HAL_GetHalVersion                                 Drivers\STM32F3xx_HAL_Driver\Src\stm32f3xx_hal.o
HAL_GetREVID                                      Drivers\STM32F3xx_HAL_Driver\Src\stm32f3xx_hal.o
HAL_GetTick                                       Drivers\STM32F3xx_HAL_Driver\Src\stm32f3xx_hal.o
                                                  Drivers\STM32F3xx_HAL_Driver\Src\stm32f3xx_hal_rcc_ex.o
                                                  Drivers\STM32F3xx_HAL_Driver\Src\stm32f3xx_hal_rcc.o
                                                  Drivers\STM32F3xx_HAL_Driver\Src\stm32f3xx_hal_i2c.o
                                                  Drivers\STM32F3xx_HAL_Driver\Src\stm32f3xx_hal_flash.o
                                                  Drivers\STM32F3xx_HAL_Driver\Src\stm32f3xx_hal_dma.o
HAL_I2CEx_ConfigAnalogFilter                      Drivers\STM32F3xx_HAL_Driver\Src\stm32f3xx_hal_i2c_ex.o
HAL_I2CEx_ConfigDigitalFilter                     Drivers\STM32F3xx_HAL_Driver\Src\stm32f3xx_hal_i2c_ex.o
HAL_I2CEx_DisableFastModePlus                     Drivers\STM32F3xx_HAL_Driver\Src\stm32f3xx_hal_i2c_ex.o
HAL_I2CEx_DisableWakeUp                           Drivers\STM32F3xx_HAL_Driver\Src\stm32f3xx_hal_i2c_ex.o
HAL_I2CEx_EnableFastModePlus                      Drivers\STM32F3xx_HAL_Driver\Src\stm32f3xx_hal_i2c_ex.o
HAL_I2CEx_EnableWakeUp                            Drivers\STM32F3xx_HAL_Driver\Src\stm32f3xx_hal_i2c_ex.o
HAL_I2C_AbortCpltCallback                         Drivers\STM32F3xx_HAL_Driver\Src\stm32f3xx_hal_i2c.o
HAL_I2C_AddrCallback                              Drivers\STM32F3xx_HAL_Driver\Src\stm32f3xx_hal_i2c.o
HAL_I2C_DeInit                                    Drivers\STM32F3xx_HAL_Driver\Src\stm32f3xx_hal_i2c.o
HAL_I2C_DisableListen_IT                          Drivers\STM32F3xx_HAL_Driver\Src\stm32f3xx_hal_i2c.o
HAL_I2C_ER_IRQHandler                             Drivers\STM32F3xx_HAL_Driver\Src\stm32f3xx_hal_i2c.o
HAL_I2C_EV_IRQHandler                             Drivers\STM32F3xx_HAL_Driver\Src\stm32f3xx_hal_i2c.o
HAL_I2C_EnableListen_IT                           Drivers\STM32F3xx_HAL_Driver\Src\stm32f3xx_hal_i2c.o
HAL_I2C_ErrorCallback                             Drivers\STM32F3xx_HAL_Driver\Src\stm32f3xx_hal_i2c.o
HAL_I2C_GetError                                  Drivers\STM32F3xx_HAL_Driver\Src\stm32f3xx_hal_i2c.o
HAL_I2C_GetMode                                   Drivers\STM32F3xx_HAL_Driver\Src\stm32f3xx_hal_i2c.o
HAL_I2C_GetState                                  Drivers\STM32F3xx_HAL_Driver\Src\stm32f3xx_hal_i2c.o
HAL_I2C_Init                                      Drivers\STM32F3xx_HAL_Driver\Src\stm32f3xx_hal_i2c.o
HAL_I2C_IsDeviceReady                             Drivers\STM32F3xx_HAL_Driver\Src\stm32f3xx_hal_i2c.o
HAL_I2C_ListenCpltCallback                        Drivers\STM32F3xx_HAL_Driver\Src\stm32f3xx_hal_i2c.o
HAL_I2C_MasterRxCpltCallback                      Drivers\STM32F3xx_HAL_Driver\Src\stm32f3xx_hal_i2c.o
HAL_I2C_MasterTxCpltCallback                      Drivers\STM32F3xx_HAL_Driver\Src\stm32f3xx_hal_i2c.o
HAL_I2C_Master_Abort_IT                           Drivers\STM32F3xx_HAL_Driver\Src\stm32f3xx_hal_i2c.o
HAL_I2C_Master_Receive                            Drivers\STM32F3xx_HAL_Driver\Src\stm32f3xx_hal_i2c.o
HAL_I2C_Master_Receive_DMA                        Drivers\STM32F3xx_HAL_Driver\Src\stm32f3xx_hal_i2c.o
HAL_I2C_Master_Receive_IT                         Drivers\STM32F3xx_HAL_Driver\Src\stm32f3xx_hal_i2c.o
HAL_I2C_Master_Sequential_Receive_IT              Drivers\STM32F3xx_HAL_Driver\Src\stm32f3xx_hal_i2c.o
HAL_I2C_Master_Sequential_Transmit_IT             Drivers\STM32F3xx_HAL_Driver\Src\stm32f3xx_hal_i2c.o
HAL_I2C_Master_Transmit                           Drivers\STM32F3xx_HAL_Driver\Src\stm32f3xx_hal_i2c.o
HAL_I2C_Master_Transmit_DMA                       Drivers\STM32F3xx_HAL_Driver\Src\stm32f3xx_hal_i2c.o
HAL_I2C_Master_Transmit_IT                        Drivers\STM32F3xx_HAL_Driver\Src\stm32f3xx_hal_i2c.o
HAL_I2C_MemRxCpltCallback                         Drivers\STM32F3xx_HAL_Driver\Src\stm32f3xx_hal_i2c.o
HAL_I2C_MemTxCpltCallback                         Drivers\STM32F3xx_HAL_Driver\Src\stm32f3xx_hal_i2c.o
HAL_I2C_Mem_Read                                  Drivers\STM32F3xx_HAL_Driver\Src\stm32f3xx_hal_i2c.o
HAL_I2C_Mem_Read_DMA                              Drivers\STM32F3xx_HAL_Driver\Src\stm32f3xx_hal_i2c.o
HAL_I2C_Mem_Read_IT                               Drivers\STM32F3xx_HAL_Driver\Src\stm32f3xx_hal_i2c.o
HAL_I2C_Mem_Write                                 Drivers\STM32F3xx_HAL_Driver\Src\stm32f3xx_hal_i2c.o
HAL_I2C_Mem_Write_DMA                             Drivers\STM32F3xx_HAL_Driver\Src\stm32f3xx_hal_i2c.o
HAL_I2C_Mem_Write_IT                              Drivers\STM32F3xx_HAL_Driver\Src\stm32f3xx_hal_i2c.o
HAL_I2C_MspDeInit                                 Drivers\STM32F3xx_HAL_Driver\Src\stm32f3xx_hal_i2c.o
HAL_I2C_MspInit                                   Drivers\STM32F3xx_HAL_Driver\Src\stm32f3xx_hal_i2c.o
HAL_I2C_SlaveRxCpltCallback                       Drivers\STM32F3xx_HAL_Driver\Src\stm32f3xx_hal_i2c.o
HAL_I2C_SlaveTxCpltCallback                       Drivers\STM32F3xx_HAL_Driver\Src\stm32f3xx_hal_i2c.o
HAL_I2C_Slave_Receive                             Drivers\STM32F3xx_HAL_Driver\Src\stm32f3xx_hal_i2c.o
HAL_I2C_Slave_Receive_DMA                         Drivers\STM32F3xx_HAL_Driver\Src\stm32f3xx_hal_i2c.o
HAL_I2C_Slave_Receive_IT                          Drivers\STM32F3xx_HAL_Driver\Src\stm32f3xx_hal_i2c.o
HAL_I2C_Slave_Sequential_Receive_IT               Drivers\STM32F3xx_HAL_Driver\Src\stm32f3xx_hal_i2c.o
HAL_I2C_Slave_Sequential_Transmit_IT              Drivers\STM32F3xx_HAL_Driver\Src\stm32f3xx_hal_i2c.o
HAL_I2C_Slave_Transmit                            Drivers\STM32F3xx_HAL_Driver\Src\stm32f3xx_hal_i2c.o
HAL_I2C_Slave_Transmit_DMA                        Drivers\STM32F3xx_HAL_Driver\Src\stm32f3xx_hal_i2c.o
HAL_I2C_Slave_Transmit_IT                         Drivers\STM32F3xx_HAL_Driver\Src\stm32f3xx_hal_i2c.o
HAL_IncTick                                       Drivers\STM32F3xx_HAL_Driver\Src\stm32f3xx_hal.o
                                                  Src\stm32f3xx_it.o
HAL_Init                                          Drivers\STM32F3xx_HAL_Driver\Src\stm32f3xx_hal.o
                                                  Src\main.o
HAL_InitTick                                      Drivers\STM32F3xx_HAL_Driver\Src\stm32f3xx_hal.o
                                                  Drivers\STM32F3xx_HAL_Driver\Src\stm32f3xx_hal_rcc.o
HAL_MPU_ConfigRegion                              Drivers\STM32F3xx_HAL_Driver\Src\stm32f3xx_hal_cortex.o
HAL_MspDeInit                                     Drivers\STM32F3xx_HAL_Driver\Src\stm32f3xx_hal.o
HAL_MspInit                                       Src\stm32f3xx_hal_msp.o
                                                  Drivers\STM32F3xx_HAL_Driver\Src\stm32f3xx_hal.o
HAL_NVIC_ClearPendingIRQ                          Drivers\STM32F3xx_HAL_Driver\Src\stm32f3xx_hal_cortex.o
HAL_NVIC_DisableIRQ                               Drivers\STM32F3xx_HAL_Driver\Src\stm32f3xx_hal_cortex.o
HAL_NVIC_EnableIRQ                                Drivers\STM32F3xx_HAL_Driver\Src\stm32f3xx_hal_cortex.o
                                                  Src\stm32f3xx_hal_msp.o
                                                  Src\main.o
HAL_NVIC_GetActive                                Drivers\STM32F3xx_HAL_Driver\Src\stm32f3xx_hal_cortex.o
HAL_NVIC_GetPendingIRQ                            Drivers\STM32F3xx_HAL_Driver\Src\stm32f3xx_hal_cortex.o
HAL_NVIC_GetPriority                              Drivers\STM32F3xx_HAL_Driver\Src\stm32f3xx_hal_cortex.o
HAL_NVIC_GetPriorityGrouping                      Drivers\STM32F3xx_HAL_Driver\Src\stm32f3xx_hal_cortex.o
HAL_NVIC_SetPendingIRQ                            Drivers\STM32F3xx_HAL_Driver\Src\stm32f3xx_hal_cortex.o
HAL_NVIC_SetPriority                              Drivers\STM32F3xx_HAL_Driver\Src\stm32f3xx_hal_cortex.o
                                                  Src\stm32f3xx_hal_msp.o
                                                  Src\main.o
                                                  Drivers\STM32F3xx_HAL_Driver\Src\stm32f3xx_hal.o
HAL_NVIC_SetPriorityGrouping                      Drivers\STM32F3xx_HAL_Driver\Src\stm32f3xx_hal_cortex.o
                                                  Src\stm32f3xx_hal_msp.o
                                                  Drivers\STM32F3xx_HAL_Driver\Src\stm32f3xx_hal.o
HAL_NVIC_SystemReset                              Drivers\STM32F3xx_HAL_Driver\Src\stm32f3xx_hal_cortex.o
HAL_PWR_ConfigPVD                                 Drivers\STM32F3xx_HAL_Driver\Src\stm32f3xx_hal_pwr_ex.o
HAL_PWR_DeInit                                    Drivers\STM32F3xx_HAL_Driver\Src\stm32f3xx_hal_pwr.o
HAL_PWR_DisableBkUpAccess                         Drivers\STM32F3xx_HAL_Driver\Src\stm32f3xx_hal_pwr.o
HAL_PWR_DisablePVD                                Drivers\STM32F3xx_HAL_Driver\Src\stm32f3xx_hal_pwr_ex.o
HAL_PWR_DisableSEVOnPend                          Drivers\STM32F3xx_HAL_Driver\Src\stm32f3xx_hal_pwr.o
HAL_PWR_DisableSleepOnExit                        Drivers\STM32F3xx_HAL_Driver\Src\stm32f3xx_hal_pwr.o
HAL_PWR_DisableWakeUpPin                          Drivers\STM32F3xx_HAL_Driver\Src\stm32f3xx_hal_pwr.o
HAL_PWR_EnableBkUpAccess                          Drivers\STM32F3xx_HAL_Driver\Src\stm32f3xx_hal_pwr.o
HAL_PWR_EnablePVD                                 Drivers\STM32F3xx_HAL_Driver\Src\stm32f3xx_hal_pwr_ex.o
HAL_PWR_EnableSEVOnPend                           Drivers\STM32F3xx_HAL_Driver\Src\stm32f3xx_hal_pwr.o
HAL_PWR_EnableSleepOnExit                         Drivers\STM32F3xx_HAL_Driver\Src\stm32f3xx_hal_pwr.o
HAL_PWR_EnableWakeUpPin                           Drivers\STM32F3xx_HAL_Driver\Src\stm32f3xx_hal_pwr.o
HAL_PWR_EnterSLEEPMode                            Drivers\STM32F3xx_HAL_Driver\Src\stm32f3xx_hal_pwr.o
HAL_PWR_EnterSTANDBYMode                          Drivers\STM32F3xx_HAL_Driver\Src\stm32f3xx_hal_pwr.o
HAL_PWR_EnterSTOPMode                             Drivers\STM32F3xx_HAL_Driver\Src\stm32f3xx_hal_pwr.o
HAL_PWR_PVDCallback                               Drivers\STM32F3xx_HAL_Driver\Src\stm32f3xx_hal_pwr_ex.o
HAL_PWR_PVD_IRQHandler                            Drivers\STM32F3xx_HAL_Driver\Src\stm32f3xx_hal_pwr_ex.o
                                                  Src\stm32f3xx_it.o
HAL_RCCEx_GetPeriphCLKConfig                      Drivers\STM32F3xx_HAL_Driver\Src\stm32f3xx_hal_rcc_ex.o
HAL_RCCEx_GetPeriphCLKFreq                        Drivers\STM32F3xx_HAL_Driver\Src\stm32f3xx_hal_rcc_ex.o
HAL_RCCEx_PeriphCLKConfig                         Drivers\STM32F3xx_HAL_Driver\Src\stm32f3xx_hal_rcc_ex.o
HAL_RCC_CSSCallback                               Drivers\STM32F3xx_HAL_Driver\Src\stm32f3xx_hal_rcc.o
HAL_RCC_ClockConfig                               Drivers\STM32F3xx_HAL_Driver\Src\stm32f3xx_hal_rcc.o
                                                  Src\main.o
HAL_RCC_DeInit                                    Drivers\STM32F3xx_HAL_Driver\Src\stm32f3xx_hal_rcc.o
HAL_RCC_DisableCSS                                Drivers\STM32F3xx_HAL_Driver\Src\stm32f3xx_hal_rcc.o
HAL_RCC_EnableCSS                                 Drivers\STM32F3xx_HAL_Driver\Src\stm32f3xx_hal_rcc.o
HAL_RCC_GetClockConfig                            Drivers\STM32F3xx_HAL_Driver\Src\stm32f3xx_hal_rcc.o
HAL_RCC_GetHCLKFreq                               Drivers\STM32F3xx_HAL_Driver\Src\stm32f3xx_hal_rcc.o
                                                  Src\main.o
HAL_RCC_GetOscConfig                              Drivers\STM32F3xx_HAL_Driver\Src\stm32f3xx_hal_rcc.o
HAL_RCC_GetPCLK1Freq                              Drivers\STM32F3xx_HAL_Driver\Src\stm32f3xx_hal_rcc.o
                                                  Drivers\STM32F3xx_HAL_Driver\Src\stm32f3xx_hal_rcc_ex.o
HAL_RCC_GetPCLK2Freq                              Drivers\STM32F3xx_HAL_Driver\Src\stm32f3xx_hal_rcc.o
                                                  Drivers\STM32F3xx_HAL_Driver\Src\stm32f3xx_hal_rcc_ex.o
HAL_RCC_GetSysClockFreq                           Drivers\STM32F3xx_HAL_Driver\Src\stm32f3xx_hal_rcc.o
                                                  Drivers\STM32F3xx_HAL_Driver\Src\stm32f3xx_hal_rcc_ex.o
HAL_RCC_MCOConfig                                 Drivers\STM32F3xx_HAL_Driver\Src\stm32f3xx_hal_rcc.o
HAL_RCC_NMI_IRQHandler                            Drivers\STM32F3xx_HAL_Driver\Src\stm32f3xx_hal_rcc.o
HAL_RCC_OscConfig                                 Drivers\STM32F3xx_HAL_Driver\Src\stm32f3xx_hal_rcc.o
                                                  Src\main.o
HAL_ResumeTick                                    Drivers\STM32F3xx_HAL_Driver\Src\stm32f3xx_hal.o
HAL_SYSTICK_CLKSourceConfig                       Drivers\STM32F3xx_HAL_Driver\Src\stm32f3xx_hal_cortex.o
                                                  Src\main.o
HAL_SYSTICK_Callback                              Drivers\STM32F3xx_HAL_Driver\Src\stm32f3xx_hal_cortex.o
HAL_SYSTICK_Config                                Drivers\STM32F3xx_HAL_Driver\Src\stm32f3xx_hal_cortex.o
                                                  Src\main.o
                                                  Drivers\STM32F3xx_HAL_Driver\Src\stm32f3xx_hal.o
HAL_SYSTICK_IRQHandler                            Drivers\STM32F3xx_HAL_Driver\Src\stm32f3xx_hal_cortex.o
                                                  Src\stm32f3xx_it.o
HAL_SuspendTick                                   Drivers\STM32F3xx_HAL_Driver\Src\stm32f3xx_hal.o
HD44780_ClrScr                                    Src\HD44780_F3.o
                                                  Src\main.o
HD44780_GotoXY                                    Src\HD44780_F3.o
                                                  Src\main.o
HD44780_Init                                      Src\HD44780_F3.o
                                                  Src\main.o
HD44780_PutChar                                   Src\HD44780_F3.o
HD44780_PutStr                                    Src\HD44780_F3.o
                                                  Src\main.o
HardFault_Handler                                 Drivers\CMSIS\Device\ST\STM32F3xx\Source\Templates\gcc\startup_stm32f303xc.o
I2C1_ER_IRQHandler                                Drivers\CMSIS\Device\ST\STM32F3xx\Source\Templates\gcc\startup_stm32f303xc.o